Component: Arm Compiler for Embedded 6.22 Tool: armlink [5ee90200]

==============================================================================

Section Cross References

    startup_stm32f103xe.o(RESET) refers to startup_stm32f103xe.o(STACK) for __initial_sp
    startup_stm32f103xe.o(RESET) refers to startup_stm32f103xe.o(.text) for Reset_Handler
    startup_stm32f103xe.o(RESET) refers to stm32f1xx_it.o(.text.NMI_Handler) for NMI_Handler
    startup_stm32f103xe.o(RESET) refers to stm32f1xx_it.o(.text.HardFault_Handler) for HardFault_Handler
    startup_stm32f103xe.o(RESET) refers to stm32f1xx_it.o(.text.MemManage_Handler) for MemManage_Handler
    startup_stm32f103xe.o(RESET) refers to stm32f1xx_it.o(.text.BusFault_Handler) for BusFault_Handler
    startup_stm32f103xe.o(RESET) refers to stm32f1xx_it.o(.text.UsageFault_Handler) for UsageFault_Handler
    startup_stm32f103xe.o(RESET) refers to stm32f1xx_it.o(.text.SVC_Handler) for SVC_Handler
    startup_stm32f103xe.o(RESET) refers to stm32f1xx_it.o(.text.DebugMon_Handler) for DebugMon_Handler
    startup_stm32f103xe.o(RESET) refers to stm32f1xx_it.o(.text.PendSV_Handler) for PendSV_Handler
    startup_stm32f103xe.o(RESET) refers to stm32f1xx_it.o(.text.SysTick_Handler) for SysTick_Handler
    startup_stm32f103xe.o(RESET) refers to stm32f1xx_it.o(.text.DMA1_Channel7_IRQHandler) for DMA1_Channel7_IRQHandler
    startup_stm32f103xe.o(RESET) refers to stm32f1xx_it.o(.text.TIM1_BRK_IRQHandler) for TIM1_BRK_IRQHandler
    startup_stm32f103xe.o(RESET) refers to stm32f1xx_it.o(.text.TIM1_UP_IRQHandler) for TIM1_UP_IRQHandler
    startup_stm32f103xe.o(RESET) refers to stm32f1xx_it.o(.text.TIM4_IRQHandler) for TIM4_IRQHandler
    startup_stm32f103xe.o(RESET) refers to stm32f1xx_it.o(.text.USART1_IRQHandler) for USART1_IRQHandler
    startup_stm32f103xe.o(RESET) refers to stm32f1xx_it.o(.text.USART2_IRQHandler) for USART2_IRQHandler
    startup_stm32f103xe.o(RESET) refers to stm32f1xx_it.o(.text.EXTI15_10_IRQHandler) for EXTI15_10_IRQHandler
    startup_stm32f103xe.o(.text) refers to system_stm32f1xx.o(.text.SystemInit) for SystemInit
    startup_stm32f103xe.o(.text) refers to entry.o(.ARM.Collect$$$$00000000) for __main
    main.o(.text.main) refers to stm32f1xx_hal.o(.text.HAL_Init) for HAL_Init
    main.o(.text.main) refers to stm32f1xx_hal_rcc.o(.text.HAL_RCC_OscConfig) for HAL_RCC_OscConfig
    main.o(.text.main) refers to stm32f1xx_hal_rcc.o(.text.HAL_RCC_ClockConfig) for HAL_RCC_ClockConfig
    main.o(.text.main) refers to gpio.o(.text.MX_GPIO_Init) for MX_GPIO_Init
    main.o(.text.main) refers to dma.o(.text.MX_DMA_Init) for MX_DMA_Init
    main.o(.text.main) refers to usart.o(.text.MX_USART1_UART_Init) for MX_USART1_UART_Init
    main.o(.text.main) refers to i2c.o(.text.MX_I2C2_Init) for MX_I2C2_Init
    main.o(.text.main) refers to tim.o(.text.MX_TIM3_Init) for MX_TIM3_Init
    main.o(.text.main) refers to tim.o(.text.MX_TIM4_Init) for MX_TIM4_Init
    main.o(.text.main) refers to tim.o(.text.MX_TIM1_Init) for MX_TIM1_Init
    main.o(.text.main) refers to usart.o(.text.MX_USART2_UART_Init) for MX_USART2_UART_Init
    main.o(.text.main) refers to tim.o(.text.MX_TIM2_Init) for MX_TIM2_Init
    main.o(.text.main) refers to systeminit.o(.text.system_peripheral_init) for system_peripheral_init
    main.o(.text.main) refers to task.o(.text.TaskHandle) for TaskHandle
    main.o(.ARM.exidx.text.main) refers to main.o(.text.main) for [Anonymous Symbol]
    main.o(.text.SystemClock_Config) refers to stm32f1xx_hal_rcc.o(.text.HAL_RCC_OscConfig) for HAL_RCC_OscConfig
    main.o(.text.SystemClock_Config) refers to stm32f1xx_hal_rcc.o(.text.HAL_RCC_ClockConfig) for HAL_RCC_ClockConfig
    main.o(.ARM.exidx.text.SystemClock_Config) refers to main.o(.text.SystemClock_Config) for [Anonymous Symbol]
    main.o(.ARM.exidx.text.Error_Handler) refers to main.o(.text.Error_Handler) for [Anonymous Symbol]
    gpio.o(.text.MX_GPIO_Init) refers to stm32f1xx_hal_gpio.o(.text.HAL_GPIO_WritePin) for HAL_GPIO_WritePin
    gpio.o(.text.MX_GPIO_Init) refers to stm32f1xx_hal_gpio.o(.text.HAL_GPIO_Init) for HAL_GPIO_Init
    gpio.o(.text.MX_GPIO_Init) refers to stm32f1xx_hal_cortex.o(.text.HAL_NVIC_SetPriority) for HAL_NVIC_SetPriority
    gpio.o(.text.MX_GPIO_Init) refers to stm32f1xx_hal_cortex.o(.text.HAL_NVIC_EnableIRQ) for HAL_NVIC_EnableIRQ
    gpio.o(.ARM.exidx.text.MX_GPIO_Init) refers to gpio.o(.text.MX_GPIO_Init) for [Anonymous Symbol]
    dma.o(.text.MX_DMA_Init) refers to stm32f1xx_hal_cortex.o(.text.HAL_NVIC_SetPriority) for HAL_NVIC_SetPriority
    dma.o(.text.MX_DMA_Init) refers to stm32f1xx_hal_cortex.o(.text.HAL_NVIC_EnableIRQ) for HAL_NVIC_EnableIRQ
    dma.o(.ARM.exidx.text.MX_DMA_Init) refers to dma.o(.text.MX_DMA_Init) for [Anonymous Symbol]
    i2c.o(.text.MX_I2C2_Init) refers to i2c.o(.bss.hi2c2) for hi2c2
    i2c.o(.text.MX_I2C2_Init) refers to stm32f1xx_hal_i2c.o(.text.HAL_I2C_Init) for HAL_I2C_Init
[...]
    .L__const.dmp_set_orientation.gyro_axes  0x0800a103   Data           3  inv_mpu_dmp_motion_driver.o(.rodata..L__const.dmp_set_orientation.gyro_axes)
    HAL_RCC_GetSysClockFreq.aPredivFactorTable 0x0800a11e   Data           2  stm32f1xx_hal_rcc.o(.rodata.HAL_RCC_GetSysClockFreq.aPredivFactorTable)
    [Anonymous Symbol]                       0x0800a11e   Section        0  stm32f1xx_hal_rcc.o(.rodata.HAL_RCC_GetSysClockFreq.aPredivFactorTable)
    HAL_RCC_GetSysClockFreq.aPLLMULFactorTable 0x0800a120   Data          16  stm32f1xx_hal_rcc.o(.rodata.cst16)
    [Anonymous Symbol]                       0x0800a120   Section        0  stm32f1xx_hal_rcc.o(.rodata.cst16)
    .Lswitch.table.mpu_lp_motion_interrupt   0x0800a130   Data           8  inv_mpu.o(.rodata.cst8)
    dmp_memory                               0x0800a138   Data        3062  inv_mpu_dmp_motion_driver.o(.rodata.dmp_memory)
    [Anonymous Symbol]                       0x0800a138   Section        0  inv_mpu_dmp_motion_driver.o(.rodata.dmp_memory)
    .Lstr                                    0x0800ad55   Data          76  inv_mpu.o(.rodata.str1.1)
    [Anonymous Symbol]                       0x0800ad55   Section        0  inv_mpu.o(.rodata.str1.1)
    .data                                    0x20000000   Section        4  stdout.o(.data)
    _errno                                   0x20000004   Data           4  errno.o(.data)
    .data                                    0x20000004   Section        4  errno.o(.data)
    .L_MergedGlobals                         0x20000008   Data           8  stm32f1xx_hal.o(.data..L_MergedGlobals)
    [Anonymous Symbol]                       0x20000008   Section        0  stm32f1xx_hal.o(.data..L_MergedGlobals)
    .L_MergedGlobals                         0x20000010   Data          56  inv_mpu.o(.data..L_MergedGlobals)
    gyro_orientation                         0x20000010   Data           9  inv_mpu.o(.data..L_MergedGlobals)
    [Anonymous Symbol]                       0x20000010   Section        0  inv_mpu.o(.data..L_MergedGlobals)
    st                                       0x2000001c   Data          44  inv_mpu.o(.data..L_MergedGlobals)
    MPU_Get_Gyroscope.filter_Param           0x20000048   Data           4  inv_mpu.o(.data.MPU_Get_Gyroscope.filter_Param)
    [Anonymous Symbol]                       0x20000048   Section        0  inv_mpu.o(.data.MPU_Get_Gyroscope.filter_Param)
    .L_MergedGlobals                         0x200001d0   Data          16  inv_mpu_dmp_motion_driver.o(.bss..L_MergedGlobals)
    dmp.5                                    0x200001d0   Data           1  inv_mpu_dmp_motion_driver.o(.bss..L_MergedGlobals)
    [Anonymous Symbol]                       0x200001d0   Section        0  inv_mpu_dmp_motion_driver.o(.bss..L_MergedGlobals)
    dmp.3                                    0x200001d4   Data           2  inv_mpu_dmp_motion_driver.o(.bss..L_MergedGlobals)
    dmp.0                                    0x200001d8   Data           4  inv_mpu_dmp_motion_driver.o(.bss..L_MergedGlobals)
    dmp.1                                    0x200001dc   Data           4  inv_mpu_dmp_motion_driver.o(.bss..L_MergedGlobals)
    .L_MergedGlobals                         0x200001e0   Data          72  spl06001.o(.bss..L_MergedGlobals)
    spl0601_read.val                         0x200001e0   Data           1  spl06001.o(.bss..L_MergedGlobals)
    [Anonymous Symbol]                       0x200001e0   Section        0  spl06001.o(.bss..L_MergedGlobals)
    spl0601.0                                0x200001e4   Data           2  spl06001.o(.bss..L_MergedGlobals)
    spl0601.1                                0x200001e8   Data           2  spl06001.o(.bss..L_MergedGlobals)
    spl0601.4                                0x200001ec   Data           2  spl06001.o(.bss..L_MergedGlobals)
    spl0601.5                                0x200001f0   Data           2  spl06001.o(.bss..L_MergedGlobals)
    spl0601.6                                0x200001f4   Data           2  spl06001.o(.bss..L_MergedGlobals)
    spl0601.7                                0x200001f8   Data           2  spl06001.o(.bss..L_MergedGlobals)
    spl0601.8                                0x200001fc   Data           2  spl06001.o(.bss..L_MergedGlobals)
    spl06_calibration_altitude_read.cnt      0x200001fe   Data           2  spl06001.o(.bss..L_MergedGlobals)
    spl0601_get_raw_temp.temp                0x20000200   Data           3  spl06001.o(.bss..L_MergedGlobals)
    spl0601_get_raw_pressure.temp            0x20000203   Data           3  spl06001.o(.bss..L_MergedGlobals)
    spl0601.2                                0x20000208   Data           4  spl06001.o(.bss..L_MergedGlobals)
    spl0601.3                                0x2000020c   Data           4  spl06001.o(.bss..L_MergedGlobals)
    spl0601.10                               0x20000210   Data           4  spl06001.o(.bss..L_MergedGlobals)
    spl0601.11                               0x20000214   Data           4  spl06001.o(.bss..L_MergedGlobals)
    spl0601.12                               0x20000218   Data           4  spl06001.o(.bss..L_MergedGlobals)
    spl0601.13                               0x2000021c   Data           4  spl06001.o(.bss..L_MergedGlobals)
    spl06_calibration_altitude_read.altitude_offset 0x20000224   Data           4  spl06001.o(.bss..L_MergedGlobals)
    .L_MergedGlobals                         0x20000228   Data          84  task.o(.bss..L_MergedGlobals)
    fresh_spl06_data.last_spl06_pressure     0x20000228   Data           4  task.o(.bss..L_MergedGlobals)
    [Anonymous Symbol]                       0x20000228   Section        0  task.o(.bss..L_MergedGlobals)
    fresh_spl06_data.pressure_buff           0x2000022c   Data          80  task.o(.bss..L_MergedGlobals)
    .L_MergedGlobals.15                      0x2000027c   Data          32  inv_mpu.o(.bss..L_MergedGlobals.15)
    calibration_value_gyro.0                 0x2000027c   Data           2  inv_mpu.o(.bss..L_MergedGlobals.15)
    [Anonymous Symbol]                       0x2000027c   Section        0  inv_mpu.o(.bss..L_MergedGlobals.15)
    calibration_value_gyro.1                 0x2000027e   Data           2  inv_mpu.o(.bss..L_MergedGlobals.15)
    calibration_value_gyro.2                 0x20000280   Data           2  inv_mpu.o(.bss..L_MergedGlobals.15)
    MPU6050_Calibration.Calibration_times    0x20000282   Data           2  inv_mpu.o(.bss..L_MergedGlobals.15)
    MPU_Get_Gyroscope.tbuf                   0x20000284   Data           6  inv_mpu.o(.bss..L_MergedGlobals.15)
    MPU6050_Calibration.buffer_gyro          0x2000028a   Data           6  inv_mpu.o(.bss..L_MergedGlobals.15)
    MPU6050_Calibration.buffer_angle         0x20000290   Data          12  inv_mpu.o(.bss..L_MergedGlobals.15)
    HAL_TIM_PeriodElapsedCallback.TIM1_Tick  0x200002b0   Data           4  interruptprocess.o(.bss.HAL_TIM_PeriodElapsedCallback.TIM1_Tick)
    [Anonymous Symbol]                       0x200002b0   Section        0  interruptprocess.o(.bss.HAL_TIM_PeriodElapsedCallback.TIM1_Tick)
    dmp.2                                    0x200002ec   Data           2  inv_mpu_dmp_motion_driver.o(.bss.dmp.2)
    [Anonymous Symbol]                       0x200002ec   Section        0  inv_mpu_dmp_motion_driver.o(.bss.dmp.2)
    dmp.4                                    0x200002f0   Data           2  inv_mpu_dmp_motion_driver.o(.bss.dmp.4)
    [Anonymous Symbol]                       0x200002f0   Section        0  inv_mpu_dmp_motion_driver.o(.bss.dmp.4)
    STACK                                    0x20000558   Section     1024  startup_stm32f103xe.o(STACK)

    Global Symbols

    Symbol Name                              Value     Ov Type        Size  Object(Section)

    BuildAttributes$$THM_ISAv4$P$D$K$B$S$PE$A:L22UL41UL21$X:L11$S22US41US21$IEEE1$IW$~IW$USESV6$~STKCKD$USESV7$~SHL$OTIME$ROPI$IEEEX$EBA8$MICROLIB$REQ8$PRES8$EABIv2 0x00000000   Number         0  anon$$obj.o ABSOLUTE
    _printf_a                                0x00000000   Number         0  printfstubs.o ABSOLUTE
    _printf_c                                0x00000000   Number         0  printfstubs.o ABSOLUTE
    _printf_charcount                        0x00000000   Number         0  printfstubs.o ABSOLUTE
    _printf_d                                0x00000000   Number         0  printfstubs.o ABSOLUTE
    _printf_e                                0x00000000   Number         0  printfstubs.o ABSOLUTE
    _printf_f                                0x00000000   Number         0  printfstubs.o ABSOLUTE
    _printf_flags                            0x00000000   Number         0  printfstubs.o ABSOLUTE
    _printf_fp_dec                           0x00000000   Number         0  printfstubs.o ABSOLUTE
    _printf_fp_hex                           0x00000000   Number         0  printfstubs.o ABSOLUTE
    _printf_g                                0x00000000   Number         0  printfstubs.o ABSOLUTE
    _printf_i                                0x00000000   Number         0  printfstubs.o ABSOLUTE
    _printf_int_dec                          0x00000000   Number         0  printfstubs.o ABSOLUTE
    _printf_l                                0x00000000   Number         0  printfstubs.o ABSOLUTE
    _printf_lc                               0x00000000   Number         0  printfstubs.o ABSOLUTE
    _printf_ll                               0x00000000   Number         0  printfstubs.o ABSOLUTE
    _printf_lld                              0x00000000   Number         0  printfstubs.o ABSOLUTE
    _printf_lli                              0x00000000   Number         0  printfstubs.o ABSOLUTE
    _printf_llo                              0x00000000   Number         0  printfstubs.o ABSOLUTE
    _printf_llu                              0x00000000   Number         0  printfstubs.o ABSOLUTE
    _printf_llx                              0x00000000   Number         0  printfstubs.o ABSOLUTE
    _printf_longlong_dec                     0x00000000   Number         0  printfstubs.o ABSOLUTE
    _printf_longlong_hex                     0x00000000   Number         0  printfstubs.o ABSOLUTE
    _printf_longlong_oct                     0x00000000   Number         0  printfstubs.o ABSOLUTE
    _printf_ls                               0x00000000   Number         0  printfstubs.o ABSOLUTE
    _printf_mbtowc                           0x00000000   Number         0  printfstubs.o ABSOLUTE
    _printf_n                                0x00000000   Number         0  printfstubs.o ABSOLUTE
    _printf_o                                0x00000000   Number         0  printfstubs.o ABSOLUTE
    _printf_p                                0x00000000   Number         0  printfstubs.o ABSOLUTE
    _printf_percent                          0x00000000   Number         0  printfstubs.o ABSOLUTE
    _printf_pre_padding                      0x00000000   Number         0  printfstubs.o ABSOLUTE
    _printf_return_value                     0x00000000   Number         0  printfstubs.o ABSOLUTE
    _printf_s                                0x00000000   Number         0  printfstubs.o ABSOLUTE
    _printf_sizespec                         0x00000000   Number         0  printfstubs.o ABSOLUTE
    _printf_str                              0x00000000   Number         0  printfstubs.o ABSOLUTE
    _printf_truncate_signed                  0x00000000   Number         0  printfstubs.o ABSOLUTE
    _printf_truncate_unsigned                0x00000000   Number         0  printfstubs.o ABSOLUTE
    _printf_u                                0x00000000   Number         0  printfstubs.o ABSOLUTE
    _printf_wc                               0x00000000   Number         0  printfstubs.o ABSOLUTE
    _printf_wctomb                           0x00000000   Number         0  printfstubs.o ABSOLUTE
    _printf_widthprec                        0x00000000   Number         0  printfstubs.o ABSOLUTE
    _printf_x                                0x00000000   Number         0  printfstubs.o ABSOLUTE
    __cpp_initialize__aeabi_                  - Undefined Weak Reference
    __cxa_finalize                            - Undefined Weak Reference
    _clock_init                               - Undefined Weak Reference
    _microlib_exit                            - Undefined Weak Reference
    __Vectors_Size                           0x00000130   Number         0  startup_stm32f103xe.o ABSOLUTE
    __Vectors                                0x08000000   Data           4  startup_stm32f103xe.o(RESET)
    __Vectors_End                            0x08000130   Data           0  startup_stm32f103xe.o(RESET)
    __main                                   0x08000131   Thumb Code     0  entry.o(.ARM.Collect$$$$00000000)
    _main_stk                                0x08000131   Thumb Code     0  entry2.o(.ARM.Collect$$$$00000001)
    _main_scatterload                        0x08000135   Thumb Code     0  entry5.o(.ARM.Collect$$$$00000004)
    __main_after_scatterload                 0x08000139   Thumb Code     0  entry5.o(.ARM.Collect$$$$00000004)
    _main_clock                              0x08000139   Thumb Code     0  entry7b.o(.ARM.Collect$$$$00000008)
    _main_cpp_init                           0x08000139   Thumb Code     0  entry8b.o(.ARM.Collect$$$$0000000A)
    _main_init                               0x08000139   Thumb Code     0  entry9a.o(.ARM.Collect$$$$0000000B)
    __rt_final_cpp                           0x08000141   Thumb Code     0  entry10a.o(.ARM.Collect$$$$0000000D)
    __rt_final_exit                          0x08000141   Thumb Code     0  entry11a.o(.ARM.Collect$$$$0000000F)
    Reset_Handler                            0x08000145   Thumb Code     8  startup_stm32f103xe.o(.text)
    ADC1_2_IRQHandler                        0x0800015f   Thumb Code     0  startup_stm32f103xe.o(.text)
    ADC3_IRQHandler                          0x0800015f   Thumb Code     0  startup_stm32f103xe.o(.text)
    CAN1_RX1_IRQHandler                      0x0800015f   Thumb Code     0  startup_stm32f103xe.o(.text)
    CAN1_SCE_IRQHandler                      0x0800015f   Thumb Code     0  startup_stm32f103xe.o(.text)
    DMA1_Channel1_IRQHandler                 0x0800015f   Thumb Code     0  startup_stm32f103xe.o(.text)
    DMA1_Channel2_IRQHandler                 0x0800015f   Thumb Code     0  startup_stm32f103xe.o(.text)
    DMA1_Channel3_IRQHandler                 0x0800015f   Thumb Code     0  startup_stm32f103xe.o(.text)
    DMA1_Channel4_IRQHandler                 0x0800015f   Thumb Code     0  startup_stm32f103xe.o(.text)
    DMA1_Channel5_IRQHandler                 0x0800015f   Thumb Code     0  startup_stm32f103xe.o(.text)
    DMA1_Channel6_IRQHandler                 0x0800015f   Thumb Code     0  startup_stm32f103xe.o(.text)
    DMA2_Channel1_IRQHandler                 0x0800015f   Thumb Code     0  startup_stm32f103xe.o(.text)
    DMA2_Channel2_IRQHandler                 0x0800015f   Thumb Code     0  startup_stm32f103xe.o(.text)
    DMA2_Channel3_IRQHandler                 0x0800015f   Thumb Code     0  startup_stm32f103xe.o(.text)
    DMA2_Channel4_5_IRQHandler               0x0800015f   Thumb Code     0  startup_stm32f103xe.o(.text)
    EXTI0_IRQHandler                         0x0800015f   Thumb Code     0  startup_stm32f103xe.o(.text)
    EXTI1_IRQHandler                         0x0800015f   Thumb Code     0  startup_stm32f103xe.o(.text)
    EXTI2_IRQHandler                         0x0800015f   Thumb Code     0  startup_stm32f103xe.o(.text)
    EXTI3_IRQHandler                         0x0800015f   Thumb Code     0  startup_stm32f103xe.o(.text)
    EXTI4_IRQHandler                         0x0800015f   Thumb Code     0  startup_stm32f103xe.o(.text)
    EXTI9_5_IRQHandler                       0x0800015f   Thumb Code     0  startup_stm32f103xe.o(.text)
    FLASH_IRQHandler                         0x0800015f   Thumb Code     0  startup_stm32f103xe.o(.text)
    FSMC_IRQHandler                          0x0800015f   Thumb Code     0  startup_stm32f103xe.o(.text)
    I2C1_ER_IRQHandler                       0x0800015f   Thumb Code     0  startup_stm32f103xe.o(.text)
    I2C1_EV_IRQHandler                       0x0800015f   Thumb Code     0  startup_stm32f103xe.o(.text)
    I2C2_ER_IRQHandler                       0x0800015f   Thumb Code     0  startup_stm32f103xe.o(.text)
    I2C2_EV_IRQHandler                       0x0800015f   Thumb Code     0  startup_stm32f103xe.o(.text)
    PVD_IRQHandler                           0x0800015f   Thumb Code     0  startup_stm32f103xe.o(.text)
    RCC_IRQHandler                           0x0800015f   Thumb Code     0  startup_stm32f103xe.o(.text)
    RTC_Alarm_IRQHandler                     0x0800015f   Thumb Code     0  startup_stm32f103xe.o(.text)
    RTC_IRQHandler                           0x0800015f   Thumb Code     0  startup_stm32f103xe.o(.text)
    SDIO_IRQHandler                          0x0800015f   Thumb Code     0  startup_stm32f103xe.o(.text)
    SPI1_IRQHandler                          0x0800015f   Thumb Code     0  startup_stm32f103xe.o(.text)
    SPI2_IRQHandler                          0x0800015f   Thumb Code     0  startup_stm32f103xe.o(.text)
    SPI3_IRQHandler                          0x0800015f   Thumb Code     0  startup_stm32f103xe.o(.text)
    TAMPER_IRQHandler                        0x0800015f   Thumb Code     0  startup_stm32f103xe.o(.text)
    TIM1_CC_IRQHandler                       0x0800015f   Thumb Code     0  startup_stm32f103xe.o(.text)
    TIM1_TRG_COM_IRQHandler                  0x0800015f   Thumb Code     0  startup_stm32f103xe.o(.text)
    TIM2_IRQHandler                          0x0800015f   Thumb Code     0  startup_stm32f103xe.o(.text)
    TIM3_IRQHandler                          0x0800015f   Thumb Code     0  startup_stm32f103xe.o(.text)
    TIM5_IRQHandler                          0x0800015f   Thumb Code     0  startup_stm32f103xe.o(.text)
    TIM6_IRQHandler                          0x0800015f   Thumb Code     0  startup_stm32f103xe.o(.text)
    TIM7_IRQHandler                          0x0800015f   Thumb Code     0  startup_stm32f103xe.o(.text)
    TIM8_BRK_IRQHandler                      0x0800015f   Thumb Code     0  startup_stm32f103xe.o(.text)
    TIM8_CC_IRQHandler                       0x0800015f   Thumb Code     0  startup_stm32f103xe.o(.text)
    TIM8_TRG_COM_IRQHandler                  0x0800015f   Thumb Code     0  startup_stm32f103xe.o(.text)
    TIM8_UP_IRQHandler                       0x0800015f   Thumb Code     0  startup_stm32f103xe.o(.text)
    UART4_IRQHandler                         0x0800015f   Thumb Code     0  startup_stm32f103xe.o(.text)
    UART5_IRQHandler                         0x0800015f   Thumb Code     0  startup_stm32f103xe.o(.text)
    USART3_IRQHandler                        0x0800015f   Thumb Code     0  startup_stm32f103xe.o(.text)
    USBWakeUp_IRQHandler                     0x0800015f   Thumb Code     0  startup_stm32f103xe.o(.text)
    USB_HP_CAN1_TX_IRQHandler                0x0800015f   Thumb Code     0  startup_stm32f103xe.o(.text)
    USB_LP_CAN1_RX0_IRQHandler               0x0800015f   Thumb Code     0  startup_stm32f103xe.o(.text)
    WWDG_IRQHandler                          0x0800015f   Thumb Code     0  startup_stm32f103xe.o(.text)
    __aeabi_ldivmod                          0x08000169   Thumb Code    98  ldiv.o(.text)
    ___aeabi_memcpy$move                     0x080001cb   Thumb Code    64  memmovea.o(.text)
    ___aeabi_memcpy4$move                    0x080001cb   Thumb Code     0  memmovea.o(.text)
    ___aeabi_memcpy8$move                    0x080001cb   Thumb Code     0  memmovea.o(.text)
    __aeabi_memmove                          0x080001cb   Thumb Code     0  memmovea.o(.text)
    __aeabi_memmove4                         0x080001cb   Thumb Code     0  memmovea.o(.text)
    __aeabi_memmove8                         0x080001cb   Thumb Code     0  memmovea.o(.text)
    memcmp                                   0x0800020b   Thumb Code    26  memcmp.o(.text)
    __aeabi_fadd                             0x08000225   Thumb Code   164  fadd.o(.text)
    __aeabi_fsub                             0x080002c9   Thumb Code     6  fadd.o(.text)
    __aeabi_frsub                            0x080002cf   Thumb Code     6  fadd.o(.text)
    __aeabi_fmul                             0x080002d5   Thumb Code   100  fmul.o(.text)
    __aeabi_fdiv                             0x08000339   Thumb Code   124  fdiv.o(.text)
    __aeabi_dadd                             0x080003b5   Thumb Code   322  dadd.o(.text)
    __aeabi_dsub                             0x080004f7   Thumb Code     6  dadd.o(.text)
    __aeabi_drsub                            0x080004fd   Thumb Code     6  dadd.o(.text)
    __aeabi_dmul                             0x08000503   Thumb Code   228  dmul.o(.text)
    __aeabi_ddiv                             0x080005e7   Thumb Code   222  ddiv.o(.text)
    __aeabi_fcmple                           0x080006c5   Thumb Code    28  fcmple.o(.text)
    __aeabi_fcmplt                           0x080006e1   Thumb Code    28  fcmplt.o(.text)
    __aeabi_fcmpgt                           0x080006fd   Thumb Code    28  fcmpgt.o(.text)
    __aeabi_fcmpeq                           0x08000719   Thumb Code    28  fcmpeq.o(.text)
    __aeabi_dcmplt                           0x08000735   Thumb Code    54  dcmplt.o(.text)
    __aeabi_i2f                              0x0800076b   Thumb Code    18  fflti.o(.text)
    __aeabi_ui2f                             0x0800077d   Thumb Code    10  ffltui.o(.text)
    __aeabi_i2d                              0x08000787   Thumb Code    34  dflti.o(.text)
    __aeabi_f2iz                             0x080007a9   Thumb Code    50  ffixi.o(.text)
    __aeabi_f2d                              0x080007db   Thumb Code    38  f2d.o(.text)
    __aeabi_d2f                              0x08000801   Thumb Code    56  d2f.o(.text)
    __aeabi_uidiv                            0x08000839   Thumb Code     0  uidiv.o(.text)
    __aeabi_uidivmod                         0x08000839   Thumb Code    44  uidiv.o(.text)
    __aeabi_uldivmod                         0x08000865   Thumb Code    98  uldiv.o(.text)
    __aeabi_llsl                             0x080008c7   Thumb Code    30  llshl.o(.text)
    _ll_shift_l                              0x080008c7   Thumb Code     0  llshl.o(.text)
    __aeabi_llsr                             0x080008e5   Thumb Code    32  llushr.o(.text)
    _ll_ushift_r                             0x080008e5   Thumb Code     0  llushr.o(.text)
    __aeabi_lasr                             0x08000905   Thumb Code    36  llsshr.o(.text)
    _ll_sshift_r                             0x08000905   Thumb Code     0  llsshr.o(.text)
    __I$use$fp                               0x08000929   Thumb Code     0  iusefp.o(.text)
    _float_round                             0x08000929   Thumb Code    18  fepilogue.o(.text)
    _float_epilogue                          0x0800093b   Thumb Code    92  fepilogue.o(.text)
    _double_round                            0x08000997   Thumb Code    30  depilogue.o(.text)
    _double_epilogue                         0x080009b5   Thumb Code   156  depilogue.o(.text)
    __ARM_scalbn                             0x08000a51   Thumb Code    46  dscalb.o(.text)
    scalbn                                   0x08000a51   Thumb Code     0  dscalb.o(.text)
    __aeabi_d2ulz                            0x08000a7f   Thumb Code    48  dfixul.o(.text)
    __aeabi_cdcmpeq                          0x08000ab1   Thumb Code     0  cdcmple.o(.text)
    __aeabi_cdcmple                          0x08000ab1   Thumb Code    48  cdcmple.o(.text)
    __aeabi_cdrcmple                         0x08000ae1   Thumb Code    48  cdrcmple.o(.text)
    __scatterload                            0x08000b11   Thumb Code    38  init.o(.text)
    __scatterload_rt2                        0x08000b11   Thumb Code     0  init.o(.text)
    _dsqrt                                   0x08000b41   Thumb Code   162  dsqrt.o(.text)
    __decompress                             0x08000be3   Thumb Code     0  __dczerorl2.o(.text)
    __decompress1                            0x08000be3   Thumb Code    86  __dczerorl2.o(.text)
    BusFault_Handler                         0x08000c39   Thumb Code     2  stm32f1xx_it.o(.text.BusFault_Handler)
    DMA1_Channel7_IRQHandler                 0x08000c3d   Thumb Code    12  stm32f1xx_it.o(.text.DMA1_Channel7_IRQHandler)
    DebugMon_Handler                         0x08000c49   Thumb Code     2  stm32f1xx_it.o(.text.DebugMon_Handler)
    E49_Init                                 0x08000c4d   Thumb Code   106  e49.o(.text.E49_Init)
    EXTI15_10_IRQHandler                     0x08000cb9   Thumb Code     8  stm32f1xx_it.o(.text.EXTI15_10_IRQHandler)
    Error_Handler                            0x08000cc1   Thumb Code    10  main.o(.text.Error_Handler)
    HAL_DMA_Abort                            0x08000ccd   Thumb Code    70  stm32f1xx_hal_dma.o(.text.HAL_DMA_Abort)
    HAL_DMA_Abort_IT                         0x08000d15   Thumb Code   304  stm32f1xx_hal_dma.o(.text.HAL_DMA_Abort_IT)
    HAL_DMA_IRQHandler                       0x08000e45   Thumb Code   654  stm32f1xx_hal_dma.o(.text.HAL_DMA_IRQHandler)
    HAL_DMA_Init                             0x080010d5   Thumb Code   156  stm32f1xx_hal_dma.o(.text.HAL_DMA_Init)
    HAL_Delay                                0x08001171   Thumb Code    40  stm32f1xx_hal.o(.text.HAL_Delay)
    HAL_GPIO_EXTI_Callback                   0x08001199   Thumb Code   288  interruptprocess.o(.text.HAL_GPIO_EXTI_Callback)
    HAL_GPIO_EXTI_IRQHandler                 0x080012b9   Thumb Code    22  stm32f1xx_hal_gpio.o(.text.HAL_GPIO_EXTI_IRQHandler)
    HAL_GPIO_Init                            0x080012d1   Thumb Code   486  stm32f1xx_hal_gpio.o(.text.HAL_GPIO_Init)
    HAL_GPIO_WritePin                        0x080014b9   Thumb Code    10  stm32f1xx_hal_gpio.o(.text.HAL_GPIO_WritePin)
    HAL_GetTick                              0x080014c5   Thumb Code    12  stm32f1xx_hal.o(.text.HAL_GetTick)
    HAL_I2C_Init                             0x080014d1   Thumb Code   356  stm32f1xx_hal_i2c.o(.text.HAL_I2C_Init)
    HAL_I2C_Mem_Read                         0x08001635   Thumb Code   838  stm32f1xx_hal_i2c.o(.text.HAL_I2C_Mem_Read)
    HAL_I2C_Mem_Write                        0x0800197d   Thumb Code   348  stm32f1xx_hal_i2c.o(.text.HAL_I2C_Mem_Write)
    HAL_I2C_MspInit                          0x08001ad9   Thumb Code   108  i2c.o(.text.HAL_I2C_MspInit)
    HAL_IWDG_Init                            0x08001b45   Thumb Code    90  stm32f1xx_hal_iwdg.o(.text.HAL_IWDG_Init)
    HAL_IWDG_Refresh                         0x08001ba1   Thumb Code    12  stm32f1xx_hal_iwdg.o(.text.HAL_IWDG_Refresh)
    HAL_IncTick                              0x08001bad   Thumb Code    26  stm32f1xx_hal.o(.text.HAL_IncTick)
    HAL_Init                                 0x08001bc9   Thumb Code    38  stm32f1xx_hal.o(.text.HAL_Init)
    HAL_InitTick                             0x08001bf1   Thumb Code    72  stm32f1xx_hal.o(.text.HAL_InitTick)
    HAL_MspInit                              0x08001c39   Thumb Code    66  stm32f1xx_hal_msp.o(.text.HAL_MspInit)
    HAL_NVIC_DisableIRQ                      0x08001c7d   Thumb Code    42  stm32f1xx_hal_cortex.o(.text.HAL_NVIC_DisableIRQ)
    HAL_NVIC_EnableIRQ                       0x08001ca9   Thumb Code    34  stm32f1xx_hal_cortex.o(.text.HAL_NVIC_EnableIRQ)
    HAL_NVIC_SetPriority                     0x08001ccd   Thumb Code    86  stm32f1xx_hal_cortex.o(.text.HAL_NVIC_SetPriority)
    HAL_NVIC_SetPriorityGrouping             0x08001d25   Thumb Code    32  stm32f1xx_hal_cortex.o(.text.HAL_NVIC_SetPriorityGrouping)
    HAL_RCC_ClockConfig                      0x08001d45   Thumb Code   442  stm32f1xx_hal_rcc.o(.text.HAL_RCC_ClockConfig)
    HAL_RCC_GetPCLK1Freq                     0x08001f01   Thumb Code    38  stm32f1xx_hal_rcc.o(.text.HAL_RCC_GetPCLK1Freq)
    HAL_RCC_GetPCLK2Freq                     0x08001f29   Thumb Code    38  stm32f1xx_hal_rcc.o(.text.HAL_RCC_GetPCLK2Freq)
    HAL_RCC_OscConfig                        0x08001f51   Thumb Code  1024  stm32f1xx_hal_rcc.o(.text.HAL_RCC_OscConfig)
    HAL_SYSTICK_Config                       0x08002351   Thumb Code    44  stm32f1xx_hal_cortex.o(.text.HAL_SYSTICK_Config)
    HAL_TIMEx_BreakCallback                  0x0800237d   Thumb Code     2  stm32f1xx_hal_tim_ex.o(.text.HAL_TIMEx_BreakCallback)
    HAL_TIMEx_CommutCallback                 0x08002381   Thumb Code     2  stm32f1xx_hal_tim_ex.o(.text.HAL_TIMEx_CommutCallback)
    HAL_TIMEx_MasterConfigSynchronization    0x08002385   Thumb Code   150  stm32f1xx_hal_tim_ex.o(.text.HAL_TIMEx_MasterConfigSynchronization)
    HAL_TIM_Base_Init                        0x0800241d   Thumb Code   286  stm32f1xx_hal_tim.o(.text.HAL_TIM_Base_Init)
    HAL_TIM_Base_MspInit                     0x0800253d   Thumb Code   398  tim.o(.text.HAL_TIM_Base_MspInit)
    HAL_TIM_Base_Start_IT                    0x080026cd   Thumb Code   134  stm32f1xx_hal_tim.o(.text.HAL_TIM_Base_Start_IT)
    HAL_TIM_ConfigClockSource                0x08002755   Thumb Code   416  stm32f1xx_hal_tim.o(.text.HAL_TIM_ConfigClockSource)
    HAL_TIM_IC_CaptureCallback               0x080028f5   Thumb Code     2  stm32f1xx_hal_tim.o(.text.HAL_TIM_IC_CaptureCallback)
    HAL_TIM_IC_ConfigChannel                 0x080028f9   Thumb Code   414  stm32f1xx_hal_tim.o(.text.HAL_TIM_IC_ConfigChannel)
    HAL_TIM_IC_Init                          0x08002a99   Thumb Code   286  stm32f1xx_hal_tim.o(.text.HAL_TIM_IC_Init)
    HAL_TIM_IC_MspInit                       0x08002bb9   Thumb Code     2  stm32f1xx_hal_tim.o(.text.HAL_TIM_IC_MspInit)
    HAL_TIM_IRQHandler                       0x08002bbd   Thumb Code   368  stm32f1xx_hal_tim.o(.text.HAL_TIM_IRQHandler)
    HAL_TIM_OC_DelayElapsedCallback          0x08002d2d   Thumb Code     2  stm32f1xx_hal_tim.o(.text.HAL_TIM_OC_DelayElapsedCallback)
    HAL_TIM_PWM_ConfigChannel                0x08002d31   Thumb Code   604  stm32f1xx_hal_tim.o(.text.HAL_TIM_PWM_ConfigChannel)
    HAL_TIM_PWM_Init                         0x08002f8d   Thumb Code   286  stm32f1xx_hal_tim.o(.text.HAL_TIM_PWM_Init)
    HAL_TIM_PWM_MspInit                      0x080030ad   Thumb Code     2  stm32f1xx_hal_tim.o(.text.HAL_TIM_PWM_MspInit)
    HAL_TIM_PWM_PulseFinishedCallback        0x080030b1   Thumb Code     2  stm32f1xx_hal_tim.o(.text.HAL_TIM_PWM_PulseFinishedCallback)
    HAL_TIM_PWM_Start                        0x080030b5   Thumb Code   222  stm32f1xx_hal_tim.o(.text.HAL_TIM_PWM_Start)
    HAL_TIM_PeriodElapsedCallback            0x08003195   Thumb Code   344  interruptprocess.o(.text.HAL_TIM_PeriodElapsedCallback)
    HAL_TIM_TriggerCallback                  0x080032ed   Thumb Code     2  stm32f1xx_hal_tim.o(.text.HAL_TIM_TriggerCallback)
    HAL_UARTEx_RxEventCallback               0x080032f1   Thumb Code     2  stm32f1xx_hal_uart.o(.text.HAL_UARTEx_RxEventCallback)
    HAL_UART_ErrorCallback                   0x080032f5   Thumb Code     2  stm32f1xx_hal_uart.o(.text.HAL_UART_ErrorCallback)
    HAL_UART_IRQHandler                      0x080032f9   Thumb Code  1392  stm32f1xx_hal_uart.o(.text.HAL_UART_IRQHandler)
    HAL_UART_Init                            0x08003869   Thumb Code   226  stm32f1xx_hal_uart.o(.text.HAL_UART_Init)
    HAL_UART_MspInit                         0x0800394d   Thumb Code   312  usart.o(.text.HAL_UART_MspInit)
    HAL_UART_Receive_IT                      0x08003a85   Thumb Code    84  stm32f1xx_hal_uart.o(.text.HAL_UART_Receive_IT)
    HAL_UART_RxCpltCallback                  0x08003ad9   Thumb Code    72  interruptprocess.o(.text.HAL_UART_RxCpltCallback)
    HAL_UART_Transmit                        0x08003b2d   Thumb Code   626  stm32f1xx_hal_uart.o(.text.HAL_UART_Transmit)
    HAL_UART_TxCpltCallback                  0x08003da1   Thumb Code     2  stm32f1xx_hal_uart.o(.text.HAL_UART_TxCpltCallback)
    HardFault_Handler                        0x08003da5   Thumb Code     2  stm32f1xx_it.o(.text.HardFault_Handler)
    MPU6050_Calibration                      0x08004431   Thumb Code   176  inv_mpu.o(.text.MPU6050_Calibration)
    MPU6050_Init                             0x08004505   Thumb Code    56  inv_mpu.o(.text.MPU6050_Init)
    MPU_Get_Gyroscope                        0x08004565   Thumb Code   298  inv_mpu.o(.text.MPU_Get_Gyroscope)
    MPU_Read_Len                             0x08004691   Thumb Code    42  i2c.o(.text.MPU_Read_Len)
    MPU_Write_Len                            0x080046bd   Thumb Code    42  i2c.o(.text.MPU_Write_Len)
    MX_DMA_Init                              0x080046e9   Thumb Code    52  dma.o(.text.MX_DMA_Init)
    MX_GPIO_Init                             0x0800471d   Thumb Code   226  gpio.o(.text.MX_GPIO_Init)
    MX_I2C2_Init                             0x08004801   Thumb Code    66  i2c.o(.text.MX_I2C2_Init)
    MX_IWDG_Init                             0x08004845   Thumb Code    46  iwdg.o(.text.MX_IWDG_Init)
    MX_TIM1_Init                             0x08004875   Thumb Code   186  tim.o(.text.MX_TIM1_Init)
    MX_TIM2_Init                             0x08004931   Thumb Code   112  tim.o(.text.MX_TIM2_Init)
    MX_TIM3_Init                             0x080049a1   Thumb Code   466  tim.o(.text.MX_TIM3_Init)
    MX_TIM4_Init                             0x08004b75   Thumb Code   438  tim.o(.text.MX_TIM4_Init)
    MX_USART1_UART_Init                      0x08004d2d   Thumb Code    60  usart.o(.text.MX_USART1_UART_Init)
    MX_USART2_UART_Init                      0x08004d69   Thumb Code    60  usart.o(.text.MX_USART2_UART_Init)
    MemManage_Handler                        0x08004da5   Thumb Code     2  stm32f1xx_it.o(.text.MemManage_Handler)
    Motor_Init                               0x08004da9   Thumb Code    66  motor.o(.text.Motor_Init)
    Motor_Speed_Set                          0x08004ded   Thumb Code    82  motor.o(.text.Motor_Speed_Set)
    NMI_Handler                              0x08004e41   Thumb Code     2  stm32f1xx_it.o(.text.NMI_Handler)
    PID_Control                              0x08004e45   Thumb Code   202  pid.o(.text.PID_Control)
    PendSV_Handler                           0x08004f11   Thumb Code     2  stm32f1xx_it.o(.text.PendSV_Handler)
    SVC_Handler                              0x08004f15   Thumb Code     2  stm32f1xx_it.o(.text.SVC_Handler)
    SysTick_Handler                          0x08004f19   Thumb Code     4  stm32f1xx_it.o(.text.SysTick_Handler)
    SystemInit                               0x08004f1d   Thumb Code     2  system_stm32f1xx.o(.text.SystemInit)
    TIM1_BRK_IRQHandler                      0x08004f21   Thumb Code    12  stm32f1xx_it.o(.text.TIM1_BRK_IRQHandler)
    TIM1_UP_IRQHandler                       0x08004f2d   Thumb Code    12  stm32f1xx_it.o(.text.TIM1_UP_IRQHandler)
    TIM4_IRQHandler                          0x08004f39   Thumb Code    12  stm32f1xx_it.o(.text.TIM4_IRQHandler)
    TaskHandle                               0x08004f45   Thumb Code    76  task.o(.text.TaskHandle)
    USART1_IRQHandler                        0x0800509d   Thumb Code    12  stm32f1xx_it.o(.text.USART1_IRQHandler)
    USART2_IRQHandler                        0x080050a9   Thumb Code    12  stm32f1xx_it.o(.text.USART2_IRQHandler)
    UsageFault_Handler                       0x080050b5   Thumb Code     2  stm32f1xx_it.o(.text.UsageFault_Handler)
    clu_pid_val                              0x080050b9   Thumb Code    66  task.o(.text.clu_pid_val)
    dmp_enable_feature                       0x080050fd   Thumb Code   672  inv_mpu_dmp_motion_driver.o(.text.dmp_enable_feature)
    dmp_load_motion_driver_firmware          0x0800539d   Thumb Code    22  inv_mpu_dmp_motion_driver.o(.text.dmp_load_motion_driver_firmware)
    dmp_read_fifo                            0x080053b5   Thumb Code   440  inv_mpu_dmp_motion_driver.o(.text.dmp_read_fifo)
    dmp_set_accel_bias                       0x0800556d   Thumb Code   192  inv_mpu_dmp_motion_driver.o(.text.dmp_set_accel_bias)
    dmp_set_fifo_rate                        0x0800562d   Thumb Code   112  inv_mpu_dmp_motion_driver.o(.text.dmp_set_fifo_rate)
    dmp_set_gyro_bias                        0x0800569d   Thumb Code   224  inv_mpu_dmp_motion_driver.o(.text.dmp_set_gyro_bias)
    dmp_set_orientation                      0x0800577d   Thumb Code   232  inv_mpu_dmp_motion_driver.o(.text.dmp_set_orientation)
    dmp_set_tap_thresh                       0x08005865   Thumb Code   294  inv_mpu_dmp_motion_driver.o(.text.dmp_set_tap_thresh)
    fputc                                    0x0800598d   Thumb Code    32  uartprocess.o(.text.fputc)
    fresh_motor_output                       0x080059ad   Thumb Code    72  task.o(.text.fresh_motor_output)
    fresh_pid_output                         0x080059f5   Thumb Code   304  task.o(.text.fresh_pid_output)
    fresh_spl06_data                         0x08005b25   Thumb Code   128  task.o(.text.fresh_spl06_data)
    inv_orientation_matrix_to_scalar         0x08005ed5   Thumb Code   220  inv_mpu.o(.text.inv_orientation_matrix_to_scalar)
    main                                     0x08005fb1   Thumb Code   146  main.o(.text.main)
    message_send                             0x08006045   Thumb Code   112  task.o(.text.message_send)
    mget_ms                                  0x080060d1   Thumb Code     2  inv_mpu.o(.text.mget_ms)
    mpu_configure_fifo                       0x080060d5   Thumb Code   168  inv_mpu.o(.text.mpu_configure_fifo)
    mpu_dmp_get_data                         0x0800617d   Thumb Code   472  inv_mpu.o(.text.mpu_dmp_get_data)
    mpu_dmp_init                             0x08006355   Thumb Code   254  inv_mpu.o(.text.mpu_dmp_init)
    mpu_get_accel_fsr                        0x08006455   Thumb Code    54  inv_mpu.o(.text.mpu_get_accel_fsr)
    mpu_get_accel_sens                       0x0800648d   Thumb Code    48  inv_mpu.o(.text.mpu_get_accel_sens)
    mpu_init                                 0x080064cd   Thumb Code   380  inv_mpu.o(.text.mpu_init)
    mpu_load_firmware                        0x08006691   Thumb Code   322  inv_mpu.o(.text.mpu_load_firmware)
    mpu_lp_accel_mode                        0x080067d5   Thumb Code   560  inv_mpu.o(.text.mpu_lp_accel_mode)
    mpu_read_fifo_stream                     0x08006a05   Thumb Code   190  inv_mpu.o(.text.mpu_read_fifo_stream)
    mpu_reset_fifo                           0x08006ac5   Thumb Code   378  inv_mpu.o(.text.mpu_reset_fifo)
    mpu_run_self_test                        0x08006c41   Thumb Code  2312  inv_mpu.o(.text.mpu_run_self_test)
    mpu_set_accel_fsr                        0x08007569   Thumb Code   150  inv_mpu.o(.text.mpu_set_accel_fsr)
    mpu_set_bypass                           0x08007601   Thumb Code   238  inv_mpu.o(.text.mpu_set_bypass)
    mpu_set_dmp_state                        0x080076f1   Thumb Code   224  inv_mpu.o(.text.mpu_set_dmp_state)
    mpu_set_lpf                              0x080077d1   Thumb Code   156  inv_mpu.o(.text.mpu_set_lpf)
    mpu_set_sample_rate                      0x0800786d   Thumb Code   328  inv_mpu.o(.text.mpu_set_sample_rate)
    mpu_set_sensors                          0x080079b5   Thumb Code   230  inv_mpu.o(.text.mpu_set_sensors)
    mpu_write_mem                            0x08007a9d   Thumb Code   128  inv_mpu.o(.text.mpu_write_mem)
    run_self_test                            0x08007b1d   Thumb Code   212  inv_mpu.o(.text.run_self_test)
    sliding_filter                           0x08007c11   Thumb Code   184  filter.o(.text.sliding_filter)
    spl0601_get_calib_param                  0x08007cc9   Thumb Code   656  spl06001.o(.text.spl0601_get_calib_param)
    spl0601_get_pressure                     0x08007f7d   Thumb Code   260  spl06001.o(.text.spl0601_get_pressure)
    spl0601_get_raw_pressure                 0x08008081   Thumb Code    84  spl06001.o(.text.spl0601_get_raw_pressure)
    spl0601_get_raw_temp                     0x080080d5   Thumb Code    84  spl06001.o(.text.spl0601_get_raw_temp)
    spl0601_init                             0x08008129   Thumb Code   248  spl06001.o(.text.spl0601_init)
    spl0601_start_continuous                 0x08008235   Thumb Code    50  spl06001.o(.text.spl0601_start_continuous)
    spl06_calibration_altitude_read          0x08008269   Thumb Code   330  spl06001.o(.text.spl06_calibration_altitude_read)
    system_peripheral_init                   0x080083b5   Thumb Code   164  systeminit.o(.text.system_peripheral_init)
    uart1_process                            0x080084c1   Thumb Code    38  uartprocess.o(.text.uart1_process)
    __0printf                                0x080084e9   Thumb Code    22  printfa.o(i.__0printf)
    __1printf                                0x080084e9   Thumb Code     0  printfa.o(i.__0printf)
    __2printf                                0x080084e9   Thumb Code     0  printfa.o(i.__0printf)
    __c89printf                              0x080084e9   Thumb Code     0  printfa.o(i.__0printf)
    printf                                   0x080084e9   Thumb Code     0  printfa.o(i.__0printf)
    __ARM_fpclassify                         0x08008509   Thumb Code    40  fpclassify.o(i.__ARM_fpclassify)
    __kernel_poly                            0x08008531   Thumb Code   170  poly.o(i.__kernel_poly)
    __mathlib_dbl_divzero                    0x080085dd   Thumb Code    12  dunder.o(i.__mathlib_dbl_divzero)
    __mathlib_dbl_infnan                     0x080085ed   Thumb Code     6  dunder.o(i.__mathlib_dbl_infnan)
    __mathlib_dbl_infnan2                    0x080085f3   Thumb Code     4  dunder.o(i.__mathlib_dbl_infnan2)
    __mathlib_dbl_invalid                    0x080085f7   Thumb Code    12  dunder.o(i.__mathlib_dbl_invalid)
    __mathlib_dbl_overflow                   0x08008603   Thumb Code    14  dunder.o(i.__mathlib_dbl_overflow)
    __mathlib_dbl_underflow                  0x08008611   Thumb Code    10  dunder.o(i.__mathlib_dbl_underflow)
    __scatterload_copy                       0x08008621   Thumb Code    14  handlers.o(i.__scatterload_copy)
    __scatterload_null                       0x0800862f   Thumb Code     2  handlers.o(i.__scatterload_null)
    __scatterload_zeroinit                   0x08008631   Thumb Code    14  handlers.o(i.__scatterload_zeroinit)
    __set_errno                              0x08008641   Thumb Code     6  errno.o(i.__set_errno)
    asin                                     0x08008f01   Thumb Code   572  asin.o(i.asin)
    atan                                     0x08009171   Thumb Code   474  atan.o(i.atan)
    atan2                                    0x08009391   Thumb Code   374  atan2.o(i.atan2)
    pow                                      0x0800952d   Thumb Code  2532  pow.o(i.pow)
    puts                                     0x08009f19   Thumb Code    30  puts.o(i.puts)
    sqrt                                     0x08009f3d   Thumb Code    76  sqrt.o(i.sqrt)
    __mathlib_zero                           0x0800a0f8   Data           8  qnan.o(.constdata)
    AHBPrescTable                            0x0800a106   Data          16  system_stm32f1xx.o(.rodata.AHBPrescTable)
    APBPrescTable                            0x0800a116   Data           8  system_stm32f1xx.o(.rodata.APBPrescTable)
    hw                                       0x0800ad2e   Data          12  inv_mpu.o(.rodata.hw)
    reg                                      0x0800ad3a   Data          27  inv_mpu.o(.rodata.reg)
    test                                     0x0800ada4   Data          40  inv_mpu.o(.rodata.test)
    Region$$Table$$Base                      0x0800adcc   Number         0  anon$$obj.o(Region$$Table)
    Region$$Table$$Limit                     0x0800adec   Number         0  anon$$obj.o(Region$$Table)
    __stdout                                 0x20000000   Data           4  stdout.o(.data)
    uwTickFreq                               0x20000008   Data           1  stm32f1xx_hal.o(.data..L_MergedGlobals)
    uwTickPrio                               0x2000000c   Data           4  stm32f1xx_hal.o(.data..L_MergedGlobals)
    SystemCoreClock                          0x2000004c   Data           4  system_stm32f1xx.o(.data.SystemCoreClock)
    Task_List                                0x20000050   Data         160  task.o(.data.Task_List)
    Task_Sum                                 0x200000f0   Data           2  task.o(.data.Task_Sum)
    gyro_pid_pitch                           0x200000f4   Data          36  main.o(.data.gyro_pid_pitch)
    gyro_pid_roll                            0x20000118   Data          36  main.o(.data.gyro_pid_roll)
    posture_pid_pitch                        0x2000013c   Data          36  main.o(.data.posture_pid_pitch)
    posture_pid_roll                         0x20000160   Data          36  main.o(.data.posture_pid_roll)
    spl06_pid_1                              0x20000184   Data          36  main.o(.data.spl06_pid_1)
    spl06_pid_2                              0x200001a8   Data          36  main.o(.data.spl06_pid_2)
    spl06_raw_pressure                       0x20000220   Data           4  spl06001.o(.bss..L_MergedGlobals)
    Aacx                                     0x2000029c   Data           4  main.o(.bss.Aacx)
    Aacy                                     0x200002a0   Data           4  main.o(.bss.Aacy)
    Aacz                                     0x200002a4   Data           4  main.o(.bss.Aacz)
    Gyrox                                    0x200002a8   Data           2  main.o(.bss.Gyrox)
    Gyroy                                    0x200002aa   Data           2  main.o(.bss.Gyroy)
    Gyroz                                    0x200002ac   Data           2  main.o(.bss.Gyroz)
    High_Pwm                                 0x200002b4   Data           4  main.o(.bss.High_Pwm)
    Motor_Base_Pwm                           0x200002b8   Data           4  main.o(.bss.Motor_Base_Pwm)
    Motor_Run                                0x200002bc   Data           1  main.o(.bss.Motor_Run)
    Motor_Speed_Pwm1                         0x200002c0   Data           4  main.o(.bss.Motor_Speed_Pwm1)
    Motor_Speed_Pwm2                         0x200002c4   Data           4  main.o(.bss.Motor_Speed_Pwm2)
    Motor_Speed_Pwm3                         0x200002c8   Data           4  main.o(.bss.Motor_Speed_Pwm3)
    Motor_Speed_Pwm4                         0x200002cc   Data           4  main.o(.bss.Motor_Speed_Pwm4)
    Pitch                                    0x200002d0   Data           4  main.o(.bss.Pitch)
    Pitch_pwm                                0x200002d4   Data           4  main.o(.bss.Pitch_pwm)
    Roll                                     0x200002d8   Data           4  main.o(.bss.Roll)
    Roll_pwm                                 0x200002dc   Data           4  main.o(.bss.Roll_pwm)
    USART1_Rx_Byte                           0x200002e0   Data           1  main.o(.bss.USART1_Rx_Byte)
    USART2_Rx_Byte                           0x200002e1   Data           1  main.o(.bss.USART2_Rx_Byte)
    Yaw                                      0x200002e4   Data           4  main.o(.bss.Yaw)
    Yaw_pwm                                  0x200002e8   Data           4  main.o(.bss.Yaw_pwm)
    hdma_usart2_tx                           0x200002f4   Data          68  usart.o(.bss.hdma_usart2_tx)
    hi2c2                                    0x20000338   Data          84  i2c.o(.bss.hi2c2)
    hiwdg                                    0x2000038c   Data          12  iwdg.o(.bss.hiwdg)
    htim1                                    0x20000398   Data          72  tim.o(.bss.htim1)
    htim2                                    0x200003e0   Data          72  tim.o(.bss.htim2)
    htim3                                    0x20000428   Data          72  tim.o(.bss.htim3)
    htim4                                    0x20000470   Data          72  tim.o(.bss.htim4)
    huart1                                   0x200004b8   Data          72  usart.o(.bss.huart1)
    huart2                                   0x20000500   Data          72  usart.o(.bss.huart2)
    spl06_pressure                           0x20000548   Data           4  main.o(.bss.spl06_pressure)
    spl06_speed                              0x2000054c   Data           4  main.o(.bss.spl06_speed)
    uwTick                                   0x20000550   Data           4  stm32f1xx_hal.o(.bss.uwTick)
    __initial_sp                             0x20000958   Data           0  startup_stm32f103xe.o(STACK)



==============================================================================

Memory Map of the image

  Image Entry point : 0x08000131

  Load Region LR_IROM1 (Base: 0x08000000, Size: 0x0000afc0, Max: 0x00040000, ABSOLUTE, COMPRESSED[0x0000ae68])

    Execution Region ER_IROM1 (Exec base: 0x08000000, Load base: 0x08000000, Size: 0x0000adec, Max: 0x00040000, ABSOLUTE)

    Exec Addr    Load Addr    Size         Type   Attr      Idx    E Section Name        Object

    0x08000000   0x08000000   0x00000130   Data   RO            3    RESET               startup_stm32f103xe.o
    0x08000130   0x08000130   0x00000000   Code   RO         1532  * .ARM.Collect$$$$00000000  mc_w.l(entry.o)
    0x08000130   0x08000130   0x00000004   Code   RO         1872    .ARM.Collect$$$$00000001  mc_w.l(entry2.o)
    0x08000134   0x08000134   0x00000004   Code   RO         1875    .ARM.Collect$$$$00000004  mc_w.l(entry5.o)
    0x08000138   0x08000138   0x00000000   Code   RO         1877    .ARM.Collect$$$$00000008  mc_w.l(entry7b.o)
    0x08000138   0x08000138   0x00000000   Code   RO         1879    .ARM.Collect$$$$0000000A  mc_w.l(entry8b.o)
    0x08000138   0x08000138   0x00000008   Code   RO         1880    .ARM.Collect$$$$0000000B  mc_w.l(entry9a.o)
    0x08000140   0x08000140   0x00000000   Code   RO         1882    .ARM.Collect$$$$0000000D  mc_w.l(entry10a.o)
    0x08000140   0x08000140   0x00000000   Code   RO         1884    .ARM.Collect$$$$0000000F  mc_w.l(entry11a.o)
    0x08000140   0x08000140   0x00000004   Code   RO         1873    .ARM.Collect$$$$00002712  mc_w.l(entry2.o)
    0x08000144   0x08000144   0x00000024   Code   RO            4    .text               startup_stm32f103xe.o
    0x08000168   0x08000168   0x00000062   Code   RO         1539    .text               mc_w.l(ldiv.o)
    0x080001ca   0x080001ca   0x00000040   Code   RO         1541    .text               mc_w.l(memmovea.o)
    0x0800020a   0x0800020a   0x0000001a   Code   RO         1543    .text               mc_w.l(memcmp.o)
    0x08000224   0x08000224   0x000000b0   Code   RO         1808    .text               mf_w.l(fadd.o)
    0x080002d4   0x080002d4   0x00000064   Code   RO         1810    .text               mf_w.l(fmul.o)
    0x08000338   0x08000338   0x0000007c   Code   RO         1812    .text               mf_w.l(fdiv.o)
    0x080003b4   0x080003b4   0x0000014e   Code   RO         1814    .text               mf_w.l(dadd.o)
    0x08000502   0x08000502   0x000000e4   Code   RO         1816    .text               mf_w.l(dmul.o)
    0x080005e6   0x080005e6   0x000000de   Code   RO         1818    .text               mf_w.l(ddiv.o)
    0x080006c4   0x080006c4   0x0000001c   Code   RO         1820    .text               mf_w.l(fcmple.o)
    0x080006e0   0x080006e0   0x0000001c   Code   RO         1822    .text               mf_w.l(fcmplt.o)
    0x080006fc   0x080006fc   0x0000001c   Code   RO         1824    .text               mf_w.l(fcmpgt.o)
    0x08000718   0x08000718   0x0000001c   Code   RO         1826    .text               mf_w.l(fcmpeq.o)
    0x08000734   0x08000734   0x00000036   Code   RO         1828    .text               mf_w.l(dcmplt.o)
    0x0800076a   0x0800076a   0x00000012   Code   RO         1830    .text               mf_w.l(fflti.o)
    0x0800077c   0x0800077c   0x0000000a   Code   RO         1832    .text               mf_w.l(ffltui.o)
    0x08000786   0x08000786   0x00000022   Code   RO         1834    .text               mf_w.l(dflti.o)
    0x080007a8   0x080007a8   0x00000032   Code   RO         1836    .text               mf_w.l(ffixi.o)
    0x080007da   0x080007da   0x00000026   Code   RO         1840    .text               mf_w.l(f2d.o)
    0x08000800   0x08000800   0x00000038   Code   RO         1842    .text               mf_w.l(d2f.o)
    0x08000838   0x08000838   0x0000002c   Code   RO         1896    .text               mc_w.l(uidiv.o)
    0x08000864   0x08000864   0x00000062   Code   RO         1898    .text               mc_w.l(uldiv.o)
    0x080008c6   0x080008c6   0x0000001e   Code   RO         1900    .text               mc_w.l(llshl.o)
    0x080008e4   0x080008e4   0x00000020   Code   RO         1902    .text               mc_w.l(llushr.o)
    0x08000904   0x08000904   0x00000024   Code   RO         1904    .text               mc_w.l(llsshr.o)
    0x08000928   0x08000928   0x00000000   Code   RO         1913    .text               mc_w.l(iusefp.o)
    0x08000928   0x08000928   0x0000006e   Code   RO         1914    .text               mf_w.l(fepilogue.o)
    0x08000996   0x08000996   0x000000ba   Code   RO         1916    .text               mf_w.l(depilogue.o)
    0x08000a50   0x08000a50   0x0000002e   Code   RO         1918    .text               mf_w.l(dscalb.o)
    0x08000a7e   0x08000a7e   0x00000030   Code   RO         1920    .text               mf_w.l(dfixul.o)
    0x08000aae   0x08000aae   0x00000002   PAD
    0x08000ab0   0x08000ab0   0x00000030   Code   RO         1922    .text               mf_w.l(cdcmple.o)
    0x08000ae0   0x08000ae0   0x00000030   Code   RO         1924    .text               mf_w.l(cdrcmple.o)
    0x08000b10   0x08000b10   0x00000030   Code   RO         1926    .text               mc_w.l(init.o)
    0x08000b40   0x08000b40   0x000000a2   Code   RO         1928    .text               mf_w.l(dsqrt.o)
    0x08000be2   0x08000be2   0x00000056   Code   RO         1938    .text               mc_w.l(__dczerorl2.o)
    0x08000c38   0x08000c38   0x00000002   Code   RO          157    .text.BusFault_Handler  stm32f1xx_it.o
    0x08000c3a   0x08000c3a   0x00000002   PAD
    0x08000c3c   0x08000c3c   0x0000000c   Code   RO          169    .text.DMA1_Channel7_IRQHandler  stm32f1xx_it.o
    0x08000c48   0x08000c48   0x00000002   Code   RO          163    .text.DebugMon_Handler  stm32f1xx_it.o
    0x08000c4a   0x08000c4a   0x00000002   PAD
    0x08000c4c   0x08000c4c   0x0000006a   Code   RO         1152    .text.E49_Init      e49.o
    0x08000cb6   0x08000cb6   0x00000002   PAD
    0x08000cb8   0x08000cb8   0x00000008   Code   RO          181    .text.EXTI15_10_IRQHandler  stm32f1xx_it.o
    0x08000cc0   0x08000cc0   0x0000000a   Code   RO           15    .text.Error_Handler  main.o
    0x08000cca   0x08000cca   0x00000002   PAD
    0x08000ccc   0x08000ccc   0x00000046   Code   RO          495    .text.HAL_DMA_Abort  stm32f1xx_hal_dma.o
    0x08000d12   0x08000d12   0x00000002   PAD
    0x08000d14   0x08000d14   0x00000130   Code   RO          497    .text.HAL_DMA_Abort_IT  stm32f1xx_hal_dma.o
    0x08000e44   0x08000e44   0x0000028e   Code   RO          501    .text.HAL_DMA_IRQHandler  stm32f1xx_hal_dma.o
    0x080010d2   0x080010d2   0x00000002   PAD
    0x080010d4   0x080010d4   0x0000009c   Code   RO          487    .text.HAL_DMA_Init  stm32f1xx_hal_dma.o
    0x08001170   0x08001170   0x00000028   Code   RO          371    .text.HAL_Delay     stm32f1xx_hal.o
    0x08001198   0x08001198   0x00000120   Code   RO         1438    .text.HAL_GPIO_EXTI_Callback  interruptprocess.o
    0x080012b8   0x080012b8   0x00000016   Code   RO          475    .text.HAL_GPIO_EXTI_IRQHandler  stm32f1xx_hal_gpio.o
    0x080012ce   0x080012ce   0x00000002   PAD
    0x080012d0   0x080012d0   0x000001e6   Code   RO          463    .text.HAL_GPIO_Init  stm32f1xx_hal_gpio.o
    0x080014b6   0x080014b6   0x00000002   PAD
    0x080014b8   0x080014b8   0x0000000a   Code   RO          469    .text.HAL_GPIO_WritePin  stm32f1xx_hal_gpio.o
    0x080014c2   0x080014c2   0x00000002   PAD
    0x080014c4   0x080014c4   0x0000000c   Code   RO          363    .text.HAL_GetTick   stm32f1xx_hal.o
    0x080014d0   0x080014d0   0x00000164   Code   RO          213    .text.HAL_I2C_Init  stm32f1xx_hal_i2c.o
    0x08001634   0x08001634   0x00000346   Code   RO          261    .text.HAL_I2C_Mem_Read  stm32f1xx_hal_i2c.o
    0x0800197a   0x0800197a   0x00000002   PAD
    0x0800197c   0x0800197c   0x0000015c   Code   RO          257    .text.HAL_I2C_Mem_Write  stm32f1xx_hal_i2c.o
    0x08001ad8   0x08001ad8   0x0000006c   Code   RO           80    .text.HAL_I2C_MspInit  i2c.o
    0x08001b44   0x08001b44   0x0000005a   Code   RO          684    .text.HAL_IWDG_Init  stm32f1xx_hal_iwdg.o
    0x08001b9e   0x08001b9e   0x00000002   PAD
    0x08001ba0   0x08001ba0   0x0000000c   Code   RO          686    .text.HAL_IWDG_Refresh  stm32f1xx_hal_iwdg.o
    0x08001bac   0x08001bac   0x0000001a   Code   RO          361    .text.HAL_IncTick   stm32f1xx_hal.o
    0x08001bc6   0x08001bc6   0x00000002   PAD
    0x08001bc8   0x08001bc8   0x00000026   Code   RO          351    .text.HAL_Init      stm32f1xx_hal.o
    0x08001bee   0x08001bee   0x00000002   PAD
    0x08001bf0   0x08001bf0   0x00000048   Code   RO          353    .text.HAL_InitTick  stm32f1xx_hal.o
    0x08001c38   0x08001c38   0x00000042   Code   RO          190    .text.HAL_MspInit   stm32f1xx_hal_msp.o
    0x08001c7a   0x08001c7a   0x00000002   PAD
    0x08001c7c   0x08001c7c   0x0000002a   Code   RO          525    .text.HAL_NVIC_DisableIRQ  stm32f1xx_hal_cortex.o
    0x08001ca6   0x08001ca6   0x00000002   PAD
    0x08001ca8   0x08001ca8   0x00000022   Code   RO          523    .text.HAL_NVIC_EnableIRQ  stm32f1xx_hal_cortex.o
    0x08001cca   0x08001cca   0x00000002   PAD
    0x08001ccc   0x08001ccc   0x00000056   Code   RO          521    .text.HAL_NVIC_SetPriority  stm32f1xx_hal_cortex.o
    0x08001d22   0x08001d22   0x00000002   PAD
    0x08001d24   0x08001d24   0x00000020   Code   RO          519    .text.HAL_NVIC_SetPriorityGrouping  stm32f1xx_hal_cortex.o
    0x08001d44   0x08001d44   0x000001ba   Code   RO          415    .text.HAL_RCC_ClockConfig  stm32f1xx_hal_rcc.o
    0x08001efe   0x08001efe   0x00000002   PAD
    0x08001f00   0x08001f00   0x00000026   Code   RO          427    .text.HAL_RCC_GetPCLK1Freq  stm32f1xx_hal_rcc.o
    0x08001f26   0x08001f26   0x00000002   PAD
    0x08001f28   0x08001f28   0x00000026   Code   RO          429    .text.HAL_RCC_GetPCLK2Freq  stm32f1xx_hal_rcc.o
    0x08001f4e   0x08001f4e   0x00000002   PAD
    0x08001f50   0x08001f50   0x00000400   Code   RO          413    .text.HAL_RCC_OscConfig  stm32f1xx_hal_rcc.o
    0x08002350   0x08002350   0x0000002c   Code   RO          531    .text.HAL_SYSTICK_Config  stm32f1xx_hal_cortex.o
    0x0800237c   0x0800237c   0x00000002   Code   RO         1001    .text.HAL_TIMEx_BreakCallback  stm32f1xx_hal_tim_ex.o
    0x0800237e   0x0800237e   0x00000002   PAD
    0x08002380   0x08002380   0x00000002   Code   RO          997    .text.HAL_TIMEx_CommutCallback  stm32f1xx_hal_tim_ex.o
    0x08002382   0x08002382   0x00000002   PAD
    0x08002384   0x08002384   0x00000096   Code   RO          991    .text.HAL_TIMEx_MasterConfigSynchronization  stm32f1xx_hal_tim_ex.o
    0x0800241a   0x0800241a   0x00000002   PAD
    0x0800241c   0x0800241c   0x0000011e   Code   RO          696    .text.HAL_TIM_Base_Init  stm32f1xx_hal_tim.o
    0x0800253a   0x0800253a   0x00000002   PAD
    0x0800253c   0x0800253c   0x0000018e   Code   RO          116    .text.HAL_TIM_Base_MspInit  tim.o
    0x080026ca   0x080026ca   0x00000002   PAD
    0x080026cc   0x080026cc   0x00000086   Code   RO          710    .text.HAL_TIM_Base_Start_IT  stm32f1xx_hal_tim.o
    0x08002752   0x08002752   0x00000002   PAD
    0x08002754   0x08002754   0x000001a0   Code   RO          876    .text.HAL_TIM_ConfigClockSource  stm32f1xx_hal_tim.o
    0x080028f4   0x080028f4   0x00000002   Code   RO          832    .text.HAL_TIM_IC_CaptureCallback  stm32f1xx_hal_tim.o
    0x080028f6   0x080028f6   0x00000002   PAD
    0x080028f8   0x080028f8   0x0000019e   Code   RO          846    .text.HAL_TIM_IC_ConfigChannel  stm32f1xx_hal_tim.o
    0x08002a96   0x08002a96   0x00000002   PAD
    0x08002a98   0x08002a98   0x0000011e   Code   RO          770    .text.HAL_TIM_IC_Init  stm32f1xx_hal_tim.o
    0x08002bb6   0x08002bb6   0x00000002   PAD
    0x08002bb8   0x08002bb8   0x00000002   Code   RO          772    .text.HAL_TIM_IC_MspInit  stm32f1xx_hal_tim.o
    0x08002bba   0x08002bba   0x00000002   PAD
    0x08002bbc   0x08002bbc   0x00000170   Code   RO          830    .text.HAL_TIM_IRQHandler  stm32f1xx_hal_tim.o
    0x08002d2c   0x08002d2c   0x00000002   Code   RO          834    .text.HAL_TIM_OC_DelayElapsedCallback  stm32f1xx_hal_tim.o
    0x08002d2e   0x08002d2e   0x00000002   PAD
    0x08002d30   0x08002d30   0x0000025c   Code   RO          850    .text.HAL_TIM_PWM_ConfigChannel  stm32f1xx_hal_tim.o
    0x08002f8c   0x08002f8c   0x0000011e   Code   RO          750    .text.HAL_TIM_PWM_Init  stm32f1xx_hal_tim.o
    0x080030aa   0x080030aa   0x00000002   PAD
    0x080030ac   0x080030ac   0x00000002   Code   RO          752    .text.HAL_TIM_PWM_MspInit  stm32f1xx_hal_tim.o
    0x080030ae   0x080030ae   0x00000002   PAD
    0x080030b0   0x080030b0   0x00000002   Code   RO          836    .text.HAL_TIM_PWM_PulseFinishedCallback  stm32f1xx_hal_tim.o
    0x080030b2   0x080030b2   0x00000002   PAD
    0x080030b4   0x080030b4   0x000000de   Code   RO          758    .text.HAL_TIM_PWM_Start  stm32f1xx_hal_tim.o
    0x08003192   0x08003192   0x00000002   PAD
    0x08003194   0x08003194   0x00000158   Code   RO         1440    .text.HAL_TIM_PeriodElapsedCallback  interruptprocess.o
    0x080032ec   0x080032ec   0x00000002   Code   RO          840    .text.HAL_TIM_TriggerCallback  stm32f1xx_hal_tim.o
    0x080032ee   0x080032ee   0x00000002   PAD
    0x080032f0   0x080032f0   0x00000002   Code   RO         1099    .text.HAL_UARTEx_RxEventCallback  stm32f1xx_hal_uart.o
    0x080032f2   0x080032f2   0x00000002   PAD
    0x080032f4   0x080032f4   0x00000002   Code   RO         1097    .text.HAL_UART_ErrorCallback  stm32f1xx_hal_uart.o
    0x080032f6   0x080032f6   0x00000002   PAD
    0x080032f8   0x080032f8   0x00000570   Code   RO         1091    .text.HAL_UART_IRQHandler  stm32f1xx_hal_uart.o
    0x08003868   0x08003868   0x000000e2   Code   RO         1015    .text.HAL_UART_Init  stm32f1xx_hal_uart.o
    0x0800394a   0x0800394a   0x00000002   PAD
    0x0800394c   0x0800394c   0x00000138   Code   RO          136    .text.HAL_UART_MspInit  usart.o
    0x08003a84   0x08003a84   0x00000054   Code   RO         1035    .text.HAL_UART_Receive_IT  stm32f1xx_hal_uart.o
    0x08003ad8   0x08003ad8   0x00000054   Code   RO         1442    .text.HAL_UART_RxCpltCallback  interruptprocess.o
    0x08003b2c   0x08003b2c   0x00000272   Code   RO         1029    .text.HAL_UART_Transmit  stm32f1xx_hal_uart.o
    0x08003d9e   0x08003d9e   0x00000002   PAD
    0x08003da0   0x08003da0   0x00000002   Code   RO         1101    .text.HAL_UART_TxCpltCallback  stm32f1xx_hal_uart.o
    0x08003da2   0x08003da2   0x00000002   PAD
    0x08003da4   0x08003da4   0x00000002   Code   RO          153    .text.HardFault_Handler  stm32f1xx_it.o
    0x08003da6   0x08003da6   0x00000002   PAD
    0x08003da8   0x08003da8   0x00000112   Code   RO          263    .text.I2C_RequestMemoryRead  stm32f1xx_hal_i2c.o
    0x08003eba   0x08003eba   0x00000002   PAD
    0x08003ebc   0x08003ebc   0x000000c8   Code   RO          259    .text.I2C_RequestMemoryWrite  stm32f1xx_hal_i2c.o
    0x08003f84   0x08003f84   0x000000ba   Code   RO          227    .text.I2C_WaitOnBTFFlagUntilTimeout  stm32f1xx_hal_i2c.o
    0x0800403e   0x0800403e   0x00000002   PAD
    0x08004040   0x08004040   0x000001ca   Code   RO          223    .text.I2C_WaitOnFlagUntilTimeout  stm32f1xx_hal_i2c.o
    0x0800420a   0x0800420a   0x00000002   PAD
    0x0800420c   0x0800420c   0x000000d6   Code   RO          341    .text.I2C_WaitOnMasterAddressFlagUntilTimeout  stm32f1xx_hal_i2c.o
    0x080042e2   0x080042e2   0x00000002   PAD
    0x080042e4   0x080042e4   0x00000090   Code   RO          231    .text.I2C_WaitOnRXNEFlagUntilTimeout  stm32f1xx_hal_i2c.o
    0x08004374   0x08004374   0x000000ba   Code   RO          225    .text.I2C_WaitOnTXEFlagUntilTimeout  stm32f1xx_hal_i2c.o
    0x0800442e   0x0800442e   0x00000002   PAD
    0x08004430   0x08004430   0x000000d4   Code   RO         1276    .text.MPU6050_Calibration  inv_mpu.o
    0x08004504   0x08004504   0x00000060   Code   RO         1270    .text.MPU6050_Init  inv_mpu.o
    0x08004564   0x08004564   0x0000012a   Code   RO         1272    .text.MPU_Get_Gyroscope  inv_mpu.o
    0x0800468e   0x0800468e   0x00000002   PAD
    0x08004690   0x08004690   0x0000002a   Code   RO           86    .text.MPU_Read_Len  i2c.o
    0x080046ba   0x080046ba   0x00000002   PAD
    0x080046bc   0x080046bc   0x0000002a   Code   RO           84    .text.MPU_Write_Len  i2c.o
    0x080046e6   0x080046e6   0x00000002   PAD
    0x080046e8   0x080046e8   0x00000034   Code   RO           69    .text.MX_DMA_Init   dma.o
    0x0800471c   0x0800471c   0x000000e2   Code   RO           60    .text.MX_GPIO_Init  gpio.o
    0x080047fe   0x080047fe   0x00000002   PAD
    0x08004800   0x08004800   0x00000042   Code   RO           78    .text.MX_I2C2_Init  i2c.o
    0x08004842   0x08004842   0x00000002   PAD
    0x08004844   0x08004844   0x0000002e   Code   RO           97    .text.MX_IWDG_Init  iwdg.o
    0x08004872   0x08004872   0x00000002   PAD
    0x08004874   0x08004874   0x000000ba   Code   RO          106    .text.MX_TIM1_Init  tim.o
    0x0800492e   0x0800492e   0x00000002   PAD
    0x08004930   0x08004930   0x00000070   Code   RO          108    .text.MX_TIM2_Init  tim.o
    0x080049a0   0x080049a0   0x000001d2   Code   RO          110    .text.MX_TIM3_Init  tim.o
    0x08004b72   0x08004b72   0x00000002   PAD
    0x08004b74   0x08004b74   0x000001b6   Code   RO          114    .text.MX_TIM4_Init  tim.o
    0x08004d2a   0x08004d2a   0x00000002   PAD
    0x08004d2c   0x08004d2c   0x0000003c   Code   RO          132    .text.MX_USART1_UART_Init  usart.o
    0x08004d68   0x08004d68   0x0000003c   Code   RO          134    .text.MX_USART2_UART_Init  usart.o
    0x08004da4   0x08004da4   0x00000002   Code   RO          155    .text.MemManage_Handler  stm32f1xx_it.o
    0x08004da6   0x08004da6   0x00000002   PAD
    0x08004da8   0x08004da8   0x00000042   Code   RO         1162    .text.Motor_Init    motor.o
    0x08004dea   0x08004dea   0x00000002   PAD
    0x08004dec   0x08004dec   0x00000052   Code   RO         1164    .text.Motor_Speed_Set  motor.o
    0x08004e3e   0x08004e3e   0x00000002   PAD
    0x08004e40   0x08004e40   0x00000002   Code   RO          151    .text.NMI_Handler   stm32f1xx_it.o
    0x08004e42   0x08004e42   0x00000002   PAD
    0x08004e44   0x08004e44   0x000000ca   Code   RO         1504    .text.PID_Control   pid.o
    0x08004f0e   0x08004f0e   0x00000002   PAD
    0x08004f10   0x08004f10   0x00000002   Code   RO          165    .text.PendSV_Handler  stm32f1xx_it.o
    0x08004f12   0x08004f12   0x00000002   PAD
    0x08004f14   0x08004f14   0x00000002   Code   RO          161    .text.SVC_Handler   stm32f1xx_it.o
    0x08004f16   0x08004f16   0x00000002   PAD
    0x08004f18   0x08004f18   0x00000004   Code   RO          167    .text.SysTick_Handler  stm32f1xx_it.o
    0x08004f1c   0x08004f1c   0x00000002   Code   RO         1135    .text.SystemInit    system_stm32f1xx.o
    0x08004f1e   0x08004f1e   0x00000002   PAD
    0x08004f20   0x08004f20   0x0000000c   Code   RO          171    .text.TIM1_BRK_IRQHandler  stm32f1xx_it.o
    0x08004f2c   0x08004f2c   0x0000000c   Code   RO          173    .text.TIM1_UP_IRQHandler  stm32f1xx_it.o
    0x08004f38   0x08004f38   0x0000000c   Code   RO          175    .text.TIM4_IRQHandler  stm32f1xx_it.o
    0x08004f44   0x08004f44   0x0000004c   Code   RO         1483    .text.TaskHandle    task.o
    0x08004f90   0x08004f90   0x0000000c   Code   RO         1095    .text.UART_DMAAbortOnError  stm32f1xx_hal_uart.o
    0x08004f9c   0x08004f9c   0x000000fe   Code   RO         1093    .text.UART_Receive_IT  stm32f1xx_hal_uart.o
    0x0800509a   0x0800509a   0x00000002   PAD
    0x0800509c   0x0800509c   0x0000000c   Code   RO          177    .text.USART1_IRQHandler  stm32f1xx_it.o
    0x080050a8   0x080050a8   0x0000000c   Code   RO          179    .text.USART2_IRQHandler  stm32f1xx_it.o
    0x080050b4   0x080050b4   0x00000002   Code   RO          159    .text.UsageFault_Handler  stm32f1xx_it.o
    0x080050b6   0x080050b6   0x00000002   PAD
    0x080050b8   0x080050b8   0x00000042   Code   RO         1481    .text.clu_pid_val   task.o
    0x080050fa   0x080050fa   0x00000002   PAD
    0x080050fc   0x080050fc   0x000002a0   Code   RO         1332    .text.dmp_enable_feature  inv_mpu_dmp_motion_driver.o
    0x0800539c   0x0800539c   0x00000016   Code   RO         1296    .text.dmp_load_motion_driver_firmware  inv_mpu_dmp_motion_driver.o
    0x080053b2   0x080053b2   0x00000002   PAD
    0x080053b4   0x080053b4   0x000001b8   Code   RO         1344    .text.dmp_read_fifo  inv_mpu_dmp_motion_driver.o
    0x0800556c   0x0800556c   0x000000c0   Code   RO         1302    .text.dmp_set_accel_bias  inv_mpu_dmp_motion_driver.o
    0x0800562c   0x0800562c   0x00000070   Code   RO         1304    .text.dmp_set_fifo_rate  inv_mpu_dmp_motion_driver.o
    0x0800569c   0x0800569c   0x000000e0   Code   RO         1300    .text.dmp_set_gyro_bias  inv_mpu_dmp_motion_driver.o
    0x0800577c   0x0800577c   0x000000e8   Code   RO         1298    .text.dmp_set_orientation  inv_mpu_dmp_motion_driver.o
    0x08005864   0x08005864   0x00000126   Code   RO         1308    .text.dmp_set_tap_thresh  inv_mpu_dmp_motion_driver.o
    0x0800598a   0x0800598a   0x00000002   PAD
    0x0800598c   0x0800598c   0x00000020   Code   RO         1461    .text.fputc         uartprocess.o
    0x080059ac   0x080059ac   0x00000048   Code   RO         1475    .text.fresh_motor_output  task.o
    0x080059f4   0x080059f4   0x00000130   Code   RO         1479    .text.fresh_pid_output  task.o
    0x08005b24   0x08005b24   0x00000080   Code   RO         1477    .text.fresh_spl06_data  task.o
    0x08005ba4   0x08005ba4   0x0000032e   Code   RO         1242    .text.get_st_biases  inv_mpu.o
    0x08005ed2   0x08005ed2   0x00000002   PAD
    0x08005ed4   0x08005ed4   0x000000dc   Code   RO         1262    .text.inv_orientation_matrix_to_scalar  inv_mpu.o
    0x08005fb0   0x08005fb0   0x00000092   Code   RO           11    .text.main          main.o
    0x08006042   0x08006042   0x00000002   PAD
    0x08006044   0x08006044   0x0000008c   Code   RO         1473    .text.message_send  task.o
    0x080060d0   0x080060d0   0x00000002   Code   RO         1200    .text.mget_ms       inv_mpu.o
    0x080060d2   0x080060d2   0x00000002   PAD
    0x080060d4   0x080060d4   0x000000a8   Code   RO         1188    .text.mpu_configure_fifo  inv_mpu.o
    0x0800617c   0x0800617c   0x000001d8   Code   RO         1268    .text.mpu_dmp_get_data  inv_mpu.o
    0x08006354   0x08006354   0x000000fe   Code   RO         1266    .text.mpu_dmp_init  inv_mpu.o
    0x08006452   0x08006452   0x00000002   PAD
    0x08006454   0x08006454   0x00000036   Code   RO         1212    .text.mpu_get_accel_fsr  inv_mpu.o
    0x0800648a   0x0800648a   0x00000002   PAD
    0x0800648c   0x0800648c   0x00000040   Code   RO         1224    .text.mpu_get_accel_sens  inv_mpu.o
    0x080064cc   0x080064cc   0x000001c4   Code   RO         1178    .text.mpu_init      inv_mpu.o
    0x08006690   0x08006690   0x00000142   Code   RO         1248    .text.mpu_load_firmware  inv_mpu.o
    0x080067d2   0x080067d2   0x00000002   PAD
    0x080067d4   0x080067d4   0x00000230   Code   RO         1194    .text.mpu_lp_accel_mode  inv_mpu.o
    0x08006a04   0x08006a04   0x000000be   Code   RO         1234    .text.mpu_read_fifo_stream  inv_mpu.o
    0x08006ac2   0x08006ac2   0x00000002   PAD
    0x08006ac4   0x08006ac4   0x0000017a   Code   RO         1208    .text.mpu_reset_fifo  inv_mpu.o
    0x08006c3e   0x08006c3e   0x00000002   PAD
    0x08006c40   0x08006c40   0x00000928   Code   RO         1238    .text.mpu_run_self_test  inv_mpu.o
    0x08007568   0x08007568   0x00000096   Code   RO         1182    .text.mpu_set_accel_fsr  inv_mpu.o
    0x080075fe   0x080075fe   0x00000002   PAD
    0x08007600   0x08007600   0x000000ee   Code   RO         1190    .text.mpu_set_bypass  inv_mpu.o
    0x080076ee   0x080076ee   0x00000002   PAD
    0x080076f0   0x080076f0   0x000000e0   Code   RO         1240    .text.mpu_set_dmp_state  inv_mpu.o
    0x080077d0   0x080077d0   0x0000009c   Code   RO         1184    .text.mpu_set_lpf   inv_mpu.o
    0x0800786c   0x0800786c   0x00000148   Code   RO         1186    .text.mpu_set_sample_rate  inv_mpu.o
    0x080079b4   0x080079b4   0x000000e6   Code   RO         1192    .text.mpu_set_sensors  inv_mpu.o
    0x08007a9a   0x08007a9a   0x00000002   PAD
    0x08007a9c   0x08007a9c   0x00000080   Code   RO         1244    .text.mpu_write_mem  inv_mpu.o
    0x08007b1c   0x08007b1c   0x000000f4   Code   RO         1260    .text.run_self_test  inv_mpu.o
    0x08007c10   0x08007c10   0x000000b8   Code   RO         1426    .text.sliding_filter  filter.o
    0x08007cc8   0x08007cc8   0x000002b4   Code   RO         1374    .text.spl0601_get_calib_param  spl06001.o
    0x08007f7c   0x08007f7c   0x00000104   Code   RO         1392    .text.spl0601_get_pressure  spl06001.o
    0x08008080   0x08008080   0x00000054   Code   RO         1388    .text.spl0601_get_raw_pressure  spl06001.o
    0x080080d4   0x080080d4   0x00000054   Code   RO         1386    .text.spl0601_get_raw_temp  spl06001.o
    0x08008128   0x08008128   0x0000010c   Code   RO         1372    .text.spl0601_init  spl06001.o
    0x08008234   0x08008234   0x00000032   Code   RO         1382    .text.spl0601_start_continuous  spl06001.o
    0x08008266   0x08008266   0x00000002   PAD
    0x08008268   0x08008268   0x0000014a   Code   RO         1414    .text.spl06_calibration_altitude_read  spl06001.o
    0x080083b2   0x080083b2   0x00000002   PAD
    0x080083b4   0x080083b4   0x0000010c   Code   RO         1453    .text.system_peripheral_init  systeminit.o
    0x080084c0   0x080084c0   0x00000026   Code   RO         1463    .text.uart1_process  uartprocess.o
    0x080084e6   0x080084e6   0x00000002   PAD
    0x080084e8   0x080084e8   0x00000020   Code   RO         1780    i.__0printf         mc_w.l(printfa.o)
    0x08008508   0x08008508   0x00000028   Code   RO         1863    i.__ARM_fpclassify  m_ws.l(fpclassify.o)
    0x08008530   0x08008530   0x000000aa   Code   RO         1865    i.__kernel_poly     m_ws.l(poly.o)
    0x080085da   0x080085da   0x00000002   PAD
    0x080085dc   0x080085dc   0x00000010   Code   RO         1849    i.__mathlib_dbl_divzero  m_ws.l(dunder.o)
    0x080085ec   0x080085ec   0x00000006   Code   RO         1850    i.__mathlib_dbl_infnan  m_ws.l(dunder.o)
    0x080085f2   0x080085f2   0x00000004   Code   RO         1851    i.__mathlib_dbl_infnan2  m_ws.l(dunder.o)
    0x080085f6   0x080085f6   0x0000000c   Code   RO         1852    i.__mathlib_dbl_invalid  m_ws.l(dunder.o)
    0x08008602   0x08008602   0x0000000e   Code   RO         1853    i.__mathlib_dbl_overflow  m_ws.l(dunder.o)
    0x08008610   0x08008610   0x00000010   Code   RO         1855    i.__mathlib_dbl_underflow  m_ws.l(dunder.o)
    0x08008620   0x08008620   0x0000000e   Code   RO         1932    i.__scatterload_copy  mc_w.l(handlers.o)
    0x0800862e   0x0800862e   0x00000002   Code   RO         1933    i.__scatterload_null  mc_w.l(handlers.o)
    0x08008630   0x08008630   0x0000000e   Code   RO         1934    i.__scatterload_zeroinit  mc_w.l(handlers.o)
    0x0800863e   0x0800863e   0x00000002   PAD
    0x08008640   0x08008640   0x0000000c   Code   RO         1908    i.__set_errno       mc_w.l(errno.o)
    0x0800864c   0x0800864c   0x00000184   Code   RO         1787    i._fp_digits        mc_w.l(printfa.o)
    0x080087d0   0x080087d0   0x000006dc   Code   RO         1788    i._printf_core      mc_w.l(printfa.o)
    0x08008eac   0x08008eac   0x00000024   Code   RO         1789    i._printf_post_padding  mc_w.l(printfa.o)
    0x08008ed0   0x08008ed0   0x0000002e   Code   RO         1790    i._printf_pre_padding  mc_w.l(printfa.o)
    0x08008efe   0x08008efe   0x00000002   PAD
    0x08008f00   0x08008f00   0x00000270   Code   RO         1519    i.asin              m_ws.l(asin.o)
    0x08009170   0x08009170   0x00000220   Code   RO         1845    i.atan              m_ws.l(atan.o)
    0x08009390   0x08009390   0x0000019c   Code   RO         1524    i.atan2             m_ws.l(atan2.o)
    0x0800952c   0x0800952c   0x000009ec   Code   RO         1528    i.pow               m_ws.l(pow.o)
    0x08009f18   0x08009f18   0x00000024   Code   RO         1535    i.puts              mc_w.l(puts.o)
    0x08009f3c   0x08009f3c   0x0000004c   Code   RO         1869    i.sqrt              m_ws.l(sqrt.o)
    0x08009f88   0x08009f88   0x00000050   Data   RO         1520    .constdata          m_ws.l(asin.o)
    0x08009fd8   0x08009fd8   0x00000088   Data   RO         1529    .constdata          m_ws.l(pow.o)
    0x0800a060   0x0800a060   0x00000098   Data   RO         1846    .constdata          m_ws.l(atan.o)
    0x0800a0f8   0x0800a0f8   0x00000008   Data   RO         1867    .constdata          m_ws.l(qnan.o)
    0x0800a100   0x0800a100   0x00000003   Data   RO         1352    .rodata..L__const.dmp_set_orientation.accel_axes  inv_mpu_dmp_motion_driver.o
    0x0800a103   0x0800a103   0x00000003   Data   RO         1351    .rodata..L__const.dmp_set_orientation.gyro_axes  inv_mpu_dmp_motion_driver.o
    0x0800a106   0x0800a106   0x00000010   Data   RO         1140    .rodata.AHBPrescTable  system_stm32f1xx.o
    0x0800a116   0x0800a116   0x00000008   Data   RO         1141    .rodata.APBPrescTable  system_stm32f1xx.o
    0x0800a11e   0x0800a11e   0x00000002   Data   RO          440    .rodata.HAL_RCC_GetSysClockFreq.aPredivFactorTable  stm32f1xx_hal_rcc.o
    0x0800a120   0x0800a120   0x00000010   Data   RO          439    .rodata.cst16       stm32f1xx_hal_rcc.o
    0x0800a130   0x0800a130   0x00000008   Data   RO         1284    .rodata.cst8        inv_mpu.o
    0x0800a138   0x0800a138   0x00000bf6   Data   RO         1350    .rodata.dmp_memory  inv_mpu_dmp_motion_driver.o
    0x0800ad2e   0x0800ad2e   0x0000000c   Data   RO         1279    .rodata.hw          inv_mpu.o
    0x0800ad3a   0x0800ad3a   0x0000001b   Data   RO         1278    .rodata.reg         inv_mpu.o
    0x0800ad55   0x0800ad55   0x0000004c   Data   RO         1283    .rodata.str1.1      inv_mpu.o
    0x0800ada1   0x0800ada1   0x00000003   PAD
    0x0800ada4   0x0800ada4   0x00000028   Data   RO         1280    .rodata.test        inv_mpu.o
    0x0800adcc   0x0800adcc   0x00000020   Data   RO         1931    Region$$Table       anon$$obj.o


    Execution Region RW_IRAM1 (Exec base: 0x20000000, Load base: 0x0800adf0, Size: 0x00000958, Max: 0x0000c000, ABSOLUTE, COMPRESSED[0x00000078])

    Exec Addr    Load Addr    Size         Type   Attr      Idx    E Section Name        Object

    0x20000000   COMPRESSED   0x00000004   Data   RW         1886    .data               mc_w.l(stdout.o)
    0x20000004   COMPRESSED   0x00000004   Data   RW         1909    .data               mc_w.l(errno.o)
    0x20000008   COMPRESSED   0x00000008   Data   RW          402    .data..L_MergedGlobals  stm32f1xx_hal.o
    0x20000010   COMPRESSED   0x00000038   Data   RW         1286    .data..L_MergedGlobals  inv_mpu.o
    0x20000048   COMPRESSED   0x00000004   Data   RW         1281    .data.MPU_Get_Gyroscope.filter_Param  inv_mpu.o
    0x2000004c   COMPRESSED   0x00000004   Data   RW         1139    .data.SystemCoreClock  system_stm32f1xx.o
    0x20000050   COMPRESSED   0x000000a0   Data   RW         1486    .data.Task_List     task.o
    0x200000f0   COMPRESSED   0x00000002   Data   RW         1485    .data.Task_Sum      task.o
    0x200000f2   COMPRESSED   0x00000002   PAD
    0x200000f4   COMPRESSED   0x00000024   Data   RW           31    .data.gyro_pid_pitch  main.o
    0x20000118   COMPRESSED   0x00000024   Data   RW           33    .data.gyro_pid_roll  main.o
    0x2000013c   COMPRESSED   0x00000024   Data   RW           30    .data.posture_pid_pitch  main.o
    0x20000160   COMPRESSED   0x00000024   Data   RW           32    .data.posture_pid_roll  main.o
    0x20000184   COMPRESSED   0x00000024   Data   RW           36    .data.spl06_pid_1   main.o
    0x200001a8   COMPRESSED   0x00000024   Data   RW           37    .data.spl06_pid_2   main.o
    0x200001cc   COMPRESSED   0x00000004   PAD
    0x200001d0        -       0x00000010   Zero   RW         1359    .bss..L_MergedGlobals  inv_mpu_dmp_motion_driver.o
    0x200001e0        -       0x00000048   Zero   RW         1416    .bss..L_MergedGlobals  spl06001.o
    0x20000228        -       0x00000054   Zero   RW         1487    .bss..L_MergedGlobals  task.o
    0x2000027c        -       0x00000020   Zero   RW         1287    .bss..L_MergedGlobals.15  inv_mpu.o
    0x2000029c        -       0x00000004   Zero   RW           44    .bss.Aacx           main.o
    0x200002a0        -       0x00000004   Zero   RW           45    .bss.Aacy           main.o
    0x200002a4        -       0x00000004   Zero   RW           46    .bss.Aacz           main.o
    0x200002a8        -       0x00000002   Zero   RW           41    .bss.Gyrox          main.o
    0x200002aa        -       0x00000002   Zero   RW           42    .bss.Gyroy          main.o
    0x200002ac        -       0x00000002   Zero   RW           43    .bss.Gyroz          main.o
    0x200002ae   COMPRESSED   0x00000002   PAD
    0x200002b0        -       0x00000004   Zero   RW         1444    .bss.HAL_TIM_PeriodElapsedCallback.TIM1_Tick  interruptprocess.o
    0x200002b4        -       0x00000004   Zero   RW           20    .bss.High_Pwm       main.o
    0x200002b8        -       0x00000004   Zero   RW           25    .bss.Motor_Base_Pwm  main.o
    0x200002bc        -       0x00000001   Zero   RW           27    .bss.Motor_Run      main.o
    0x200002bd   COMPRESSED   0x00000003   PAD
    0x200002c0        -       0x00000004   Zero   RW           21    .bss.Motor_Speed_Pwm1  main.o
    0x200002c4        -       0x00000004   Zero   RW           22    .bss.Motor_Speed_Pwm2  main.o
    0x200002c8        -       0x00000004   Zero   RW           23    .bss.Motor_Speed_Pwm3  main.o
    0x200002cc        -       0x00000004   Zero   RW           24    .bss.Motor_Speed_Pwm4  main.o
    0x200002d0        -       0x00000004   Zero   RW           38    .bss.Pitch          main.o
    0x200002d4        -       0x00000004   Zero   RW           17    .bss.Pitch_pwm      main.o
    0x200002d8        -       0x00000004   Zero   RW           39    .bss.Roll           main.o
    0x200002dc        -       0x00000004   Zero   RW           18    .bss.Roll_pwm       main.o
    0x200002e0        -       0x00000001   Zero   RW           47    .bss.USART1_Rx_Byte  main.o
    0x200002e1        -       0x00000001   Zero   RW           48    .bss.USART2_Rx_Byte  main.o
    0x200002e2   COMPRESSED   0x00000002   PAD
    0x200002e4        -       0x00000004   Zero   RW           40    .bss.Yaw            main.o
    0x200002e8        -       0x00000004   Zero   RW           19    .bss.Yaw_pwm        main.o
    0x200002ec        -       0x00000002   Zero   RW         1353    .bss.dmp.2          inv_mpu_dmp_motion_driver.o
    0x200002ee   COMPRESSED   0x00000002   PAD
    0x200002f0        -       0x00000002   Zero   RW         1354    .bss.dmp.4          inv_mpu_dmp_motion_driver.o
    0x200002f2   COMPRESSED   0x00000002   PAD
    0x200002f4        -       0x00000044   Zero   RW          142    .bss.hdma_usart2_tx  usart.o
    0x20000338        -       0x00000054   Zero   RW           88    .bss.hi2c2          i2c.o
    0x2000038c        -       0x0000000c   Zero   RW           99    .bss.hiwdg          iwdg.o
    0x20000398        -       0x00000048   Zero   RW          120    .bss.htim1          tim.o
    0x200003e0        -       0x00000048   Zero   RW          121    .bss.htim2          tim.o
    0x20000428        -       0x00000048   Zero   RW          122    .bss.htim3          tim.o
    0x20000470        -       0x00000048   Zero   RW          123    .bss.htim4          tim.o
    0x200004b8        -       0x00000048   Zero   RW          140    .bss.huart1         usart.o
    0x20000500        -       0x00000048   Zero   RW          141    .bss.huart2         usart.o
    0x20000548        -       0x00000004   Zero   RW           49    .bss.spl06_pressure  main.o
    0x2000054c        -       0x00000004   Zero   RW           50    .bss.spl06_speed    main.o
    0x20000550        -       0x00000004   Zero   RW          401    .bss.uwTick         stm32f1xx_hal.o
    0x20000554   COMPRESSED   0x00000004   PAD
    0x20000558        -       0x00000400   Zero   RW            1    STACK               startup_stm32f103xe.o


==============================================================================

Image component sizes


      Code (inc. data)   RO Data    RW Data    ZI Data      Debug   Object Name

        52          0          0          0          0       2526   dma.o
       106          0          0          0          0       2055   e49.o
       184          0          0          0          0       1471   filter.o
       226          0          0          0          0       3021   gpio.o
       258          0          0          0         84       5165   i2c.o
       716         12          0          0          4       5814   interruptprocess.o
      8598        246        163         60         32      34179   inv_mpu.o
      2188          8       3068          0         20      11535   inv_mpu_dmp_motion_driver.o
        46          0          0          0         12       1239   iwdg.o
       156          0          0        216         77       4084   main.o
       148          0          0          0          0       3998   motor.o
       202          0          0          0          0       4405   pid.o
      1768         56          0          0         72      15607   spl06001.o
        36          8        304          0       1024        788   startup_stm32f103xe.o
       188          0          0          8          4       6113   stm32f1xx_hal.o
       238          0          0          0          0       8767   stm32f1xx_hal_cortex.o
      1184          0          0          0          0       8385   stm32f1xx_hal_dma.o
       518         22          0          0          0       4676   stm32f1xx_hal_gpio.o
      3204          0          0          0          0      44870   stm32f1xx_hal_i2c.o
       102          0          0          0          0       1639   stm32f1xx_hal_iwdg.o
        66          0          0          0          0       1223   stm32f1xx_hal_msp.o
      1542          0         18          0          0       7971   stm32f1xx_hal_rcc.o
      3028         10          0          0          0      58172   stm32f1xx_hal_tim.o
       154          0          0          0          0      21160   stm32f1xx_hal_tim_ex.o
      2600          0          0          0          0      32776   stm32f1xx_hal_uart.o
       100          0          0          0          0       6178   stm32f1xx_it.o
         2          0         24          4          0       1611   system_stm32f1xx.o
       268        104          0          0          0       2005   systeminit.o
       786         28          0        162         84       4057   task.o
      1600          0          0          0        288      10313   tim.o
        70          0          0          0          0       1737   uartprocess.o
       432          0          0          0        212       6220   usart.o

    ----------------------------------------------------------------------
     30932        494       3612        452       1932     323760   Object Totals
         0          0         32          0          0          0   (incl. Generated)
       166          0          3          2         19          0   (incl. Padding)

    ----------------------------------------------------------------------

      Code (inc. data)   RO Data    RW Data    ZI Data      Debug   Library Member Name

       624         52         80          0          0        168   asin.o
       544         70        152          0          0        124   atan.o
       412         38          0          0          0        144   atan2.o
        68         10          0          0          0        408   dunder.o
        40          0          0          0          0         68   fpclassify.o
       170          0          0          0          0         96   poly.o
      2540        188        136          0          0        332   pow.o
         0          0          8          0          0          0   qnan.o
        76          0          0          0          0         84   sqrt.o
        86          0          0          0          0          0   __dczerorl2.o
         0          0          0          0          0          0   entry.o
         0          0          0          0          0          0   entry10a.o
         0          0          0          0          0          0   entry11a.o
         8          4          0          0          0          0   entry2.o
         4          0          0          0          0          0   entry5.o
         0          0          0          0          0          0   entry7b.o
         0          0          0          0          0          0   entry8b.o
         8          4          0          0          0          0   entry9a.o
        12          6          0          4          0         68   errno.o
        30          0          0          0          0          0   handlers.o
        48         10          0          0          0         68   init.o
         0          0          0          0          0          0   iusefp.o
        98          0          0          0          0         84   ldiv.o
        30          0          0          0          0         68   llshl.o
        36          0          0          0          0         68   llsshr.o
        32          0          0          0          0         68   llushr.o
        26          0          0          0          0         80   memcmp.o
        64          0          0          0          0         76   memmovea.o
      2258         90          0          0          0        452   printfa.o
        36          6          0          0          0         80   puts.o
         0          0          0          4          0          0   stdout.o
        44          0          0          0          0         80   uidiv.o
        98          0          0          0          0         92   uldiv.o
        48          0          0          0          0         68   cdcmple.o
        48          0          0          0          0         68   cdrcmple.o
        56          0          0          0          0         88   d2f.o
       334          0          0          0          0        148   dadd.o
        54          0          0          0          0         80   dcmplt.o
       222          0          0          0          0        100   ddiv.o
       186          0          0          0          0        176   depilogue.o
        48          0          0          0          0         68   dfixul.o
        34          0          0          0          0         76   dflti.o
       228          0          0          0          0         96   dmul.o
        46          0          0          0          0         80   dscalb.o
       162          0          0          0          0        100   dsqrt.o
        38          0          0          0          0         68   f2d.o
       176          0          0          0          0        140   fadd.o
        28          0          0          0          0         68   fcmpeq.o
        28          0          0          0          0         68   fcmpgt.o
        28          0          0          0          0         68   fcmple.o
        28          0          0          0          0         68   fcmplt.o
       124          0          0          0          0         88   fdiv.o
       110          0          0          0          0        168   fepilogue.o
        50          0          0          0          0         68   ffixi.o
        18          0          0          0          0         68   fflti.o
        10          0          0          0          0         68   ffltui.o
       100          0          0          0          0         76   fmul.o

    ----------------------------------------------------------------------
      9604        478        376          8          0       4872   Library Totals
         8          0          0          0          0          0   (incl. Padding)

    ----------------------------------------------------------------------

      Code (inc. data)   RO Data    RW Data    ZI Data      Debug   Library Name

      4474        358        376          0          0       1424   m_ws.l
      2918        120          0          8          0       1284   mc_w.l
      2204          0          0          0          0       2164   mf_w.l

    ----------------------------------------------------------------------
      9604        478        376          8          0       4872   Library Totals

    ----------------------------------------------------------------------

==============================================================================


      Code (inc. data)   RO Data    RW Data    ZI Data      Debug   

     40536        972       3988        460       1932     325664   Grand Totals
     40536        972       3988        120       1932     325664   ELF Image Totals (compressed)
     40536        972       3988        120          0          0   ROM Totals

==============================================================================

    Total RO  Size (Code + RO Data)                44524 (  43.48kB)
    Total RW  Size (RW Data + ZI Data)              2392 (   2.34kB)
    Total ROM Size (Code + RO Data + RW Data)      44644 (  43.60kB)

==============================================================================

